
# Unity is running as administrator.

Unity is running with Administrator privileges, which is not supported. Unity executes scripts and binary libraries in your project that may originate from third party sources and potentially be harmful to your computer. Unity may also execute scripts and binary libraries that are still under development and not yet fully tested. Running Unity with Administrator privileges may lead to catastrophic consequences, including but not limited to accidental data loss, change of global system settings or even bricking your device.

| Restart Unity as a standard user | I wish to continue at my own risk |

[Licensing::Module] Trying to connect to existing licensing client channel...
[Licensing::IpcConnector] Successfully connected to: "LicenseClient-bulbel" at "2026-08-03T05:56:34.0807096Z"
Built from '6000.4/staging' branch; Version is '6000.4.10f1 (feeafc12a938) revision 16706300'; Using compiler version '194234433'; Build Type 'Release'
OS: 'Windows 11  (10.0.26200) CoreCountrySpecific' Language: 'zh' Physical Memory: 16101 MB
BatchMode: 0, IsHumanControllingUs: 1, StartBugReporterOnCrash: 1, Is64bit: 1
System  architecture: x64
Process architecture: x64
Date: 2026-08-03T05:56:34Z

COMMAND LINE ARGUMENTS:
C:\Program Files\Unity\Hub\Editor\6000.4.10f1\Editor\Unity.exe
-projectPath
D:\timekey-unity-731
-force-d3d12
-executeMethod
TimeKey.Editor.AssetTooling.SceneContracts.SceneContractValidatorEvidenceAutomation.Run
-logFile
D:\godot\时之钥\时之钥\docs\migration\unity-3d\04-verification\evidence\pluginization-and-asset-tooling\editor-window-capture.log
Successfully changed project path to: D:\timekey-unity-731
D:/timekey-unity-731
[Licensing::Client] Error: HandshakeResponse reported an error:
	ResponseCode: 505
	ResponseStatus: Unsupported protocol version '1.18.1'.
[Licensing::Module] Error: Failed to handshake to channel: "LicenseClient-bulbel"
[Licensing::IpcConnector] LicenseClient-bulbel channel disconnected successfully.
[Licensing::IpcConnector] Channel LicenseClient-bulbel-6000.4.10 doesn't exist
[Licensing::Module] Successfully launched the LicensingClient (PId: 14436)
[Licensing::IpcConnector] Successfully connected to: "LicenseClient-bulbel-6000.4.10" at "2026-08-03T05:56:37.8867371Z"
[Licensing::Client] Code 10 while verifying Licensing Client signature (process Id: 14436, path: "C:/Program Files/Unity/Hub/Editor/6000.4.10f1/Editor/Data/Resources/Licensing/Client/Unity.Licensing.Client.exe")
[Licensing::Module] LicensingClient has failed validation; ignoring
[Licensing::Client] Handshaking with LicensingClient:
  Version:                 1.18.1+9fbee8e
  Session Id:              997a5f6ace7840c789979f0102d28152
  Correlation Id:          8ad6d4a66118fc2cbffa070cd5a53f22
  External correlation Id: 6329868052531149894
  Machine Id:              yJrbT3DoWrzBIQlBuBTMLFfdCRE=
[Licensing::Module] Successfully connected to LicensingClient on channel: "LicenseClient-bulbel-6000.4.10" (connect: 0.37s, validation: 0.59s, handshake: 0.01s)
[Licensing::IpcConnector] Successfully connected to: "LicenseClient-bulbel-6000.4.10-notifications" at "2026-08-03T05:56:38.4833936Z"
[Licensing::Module] Connected to LicensingClient (PId: 14436, launch time: 0.01, total connection time: 0.97s)
[Licensing::Module] Error: Access token is unavailable; failed to update
[Licensing::Client] Successfully resolved entitlement details
[Licensing::Module] License group:
  Id: ewogICJzdWJzR3JvdXAiIDogInVuaXR5IGVkaXRvciIsCiAgIm5hbWVzcGFjZSIgOiAidW5pdHlfZWRpdG9yIiwKICAidHlwZSIgOiAiRURJVE9SIiwKICAidGFnIiA6ICJVbml0eVBlcnNvbmFsXXXX
  Product: Unity Personal Version
  Type: Assigned
  Expiration: Unlimited
[Licensing::Client] Successfully updated license, isAsync: True, time: 0.01
[Licensing::Client] Successfully resolved entitlement details
[Licensing::Module] Licensing Background thread has ended after 4.44s
[UnityMemory] Configuration Parameters - Can be set up in boot.config
    "memorysetup-temp-allocator-size-gi-baking-worker=262144"
    "memorysetup-temp-allocator-size-gi-baking-worker=262144"
    "memorysetup-temp-allocator-size-gi-baking-worker=262144"
    "memorysetup-temp-allocator-size-gi-baking-worker=262144"
    "memorysetup-temp-allocator-size-gi-baking-worker=262144"
    "memorysetup-temp-allocator-size-nav-mesh-worker=65536"
    "memorysetup-temp-allocator-size-audio-worker=65536"
    "memorysetup-temp-allocator-size-cloud-worker=32768"
    "memorysetup-temp-allocator-size-gfx=262144"
    "memorysetup-temp-allocator-size-preload-manager=33554432"
    "memorysetup-temp-allocator-size-job-worker=262144"
    "memorysetup-temp-allocator-size-background-worker=32768"
    "memorysetup-allocator-temp-initial-block-size-main=262144"
    "memorysetup-allocator-temp-initial-block-size-worker=262144"
    "memorysetup-bucket-allocator-granularity=16"
    "memorysetup-bucket-allocator-bucket-count=8"
    "memorysetup-bucket-allocator-block-size=33554432"
    "memorysetup-bucket-allocator-block-count=8"
    "memorysetup-main-allocator-block-size=16777216"
    "memorysetup-thread-allocator-block-size=16777216"
    "memorysetup-gfx-main-allocator-block-size=16777216"
    "memorysetup-gfx-thread-allocator-block-size=16777216"
    "memorysetup-cache-allocator-block-size=4194304"
    "memorysetup-typetree-allocator-block-size=2097152"
    "memorysetup-profiler-bucket-allocator-granularity=16"
    "memorysetup-profiler-bucket-allocator-bucket-count=8"
    "memorysetup-profiler-bucket-allocator-block-size=33554432"
    "memorysetup-profiler-bucket-allocator-block-count=8"
    "memorysetup-profiler-allocator-block-size=16777216"
    "memorysetup-profiler-editor-allocator-block-size=1048576"
    "memorysetup-temp-allocator-size-main=16777216"
    "memorysetup-job-temp-allocator-block-size=2097152"
    "memorysetup-job-temp-allocator-block-size-background=1048576"
    "memorysetup-job-temp-allocator-reduction-small-platforms=262144"
Player connection [31040]  Target information:

Player connection [31040]  * "[IP] 169.254.83.107 [Port] 55504 [Flags] 2 [Guid] 2619797015 [EditorId] 2619797015 [Version] 1048832 [Id] WindowsEditor(7,XCYHJN) [Debug] 1 [PackageName] WindowsEditor [ProjectName] Editor"

Player connection [31040]  * "[IP] 192.168.1.4 [Port] 55504 [Flags] 2 [Guid] 2619797015 [EditorId] 2619797015 [Version] 1048832 [Id] WindowsEditor(7,XCYHJN) [Debug] 1 [PackageName] WindowsEditor [ProjectName] Editor"

Player connection [31040] Host joined multi-casting on [225.0.0.222:54997]...
Player connection [31040] Host joined alternative multi-casting on [225.0.0.222:34997]...
Input System module state changed to: Initialized.
[Physics::Module] Initialized fallback backend.
[Physics::Module] Id: 0xdecafbad
[Package Manager] Connected to IPC stream "Upm-18612" after 0.0 seconds.
[Licensing::Client] Successfully resolved entitlement details
Library Redirect Path: Library/
[Physics::Module] Selected backend.
[Physics::Module] Name: PhysX
[Physics::Module] Id: 0xf2b8ea05
[Physics::Module] SDK Version: 4.1.2
[Physics::Module] Integration Version: 1.0.0
[Physics::Module] Threading Mode: Multi-Threaded
Initialize engine version: 6000.4.10f1 (feeafc12a938)
[Subsystems] Discovering subsystems at path C:/Program Files/Unity/Hub/Editor/6000.4.10f1/Editor/Data/Resources/UnitySubsystems
[Subsystems] Discovering subsystems at path D:/timekey-unity-731/Assets
Forcing GfxDevice: Direct3D 12
GfxDevice: creating device client; kGfxThreadingModeSplitJobs
d3d12: failed to query info queue interface (0x80004002).
Direct3D:
    Version:         Direct3D 12 [level 12.2]
    Renderer:        NVIDIA GeForce RTX 5060 Laptop GPU (ID=0x2d19)
    Vendor:          NVIDIA
    VRAM:            7899 MB
    App VRAM Budget: 7131 MB
    Driver:          32.0.16.1047
Initialize mono
Mono path[0] = 'C:/Program Files/Unity/Hub/Editor/6000.4.10f1/Editor/Data/Managed'
Mono path[1] = 'C:/Program Files/Unity/Hub/Editor/6000.4.10f1/Editor/Data/MonoBleedingEdge/lib/mono/unityjit-win32'
Mono config path = 'C:/Program Files/Unity/Hub/Editor/6000.4.10f1/Editor/Data/MonoBleedingEdge/etc'
Using monoOptions --debugger-agent=transport=dt_socket,embedding=1,server=y,suspend=n,address=127.0.0.1:56612
CodeReloadManager initialized
Using cacheserver namespaces - metadata:defaultmetadata, artifacts:defaultartifacts
Using cacheserver namespaces - metadata:defaultmetadata, artifacts:defaultartifacts
ImportWorker Server TCP listen port: 0
AcceleratorClientConnectionCallback - disconnected - :0
Begin MonoManager ReloadAssembly
Registering precompiled unity dll's ...
Register platform support module: C:/Program Files/Unity/Hub/Editor/6000.4.10f1/Editor/Data/PlaybackEngines/WebGLSupport/UnityEditor.WebGL.Extensions.dll
Register platform support module: C:/Program Files/Unity/Hub/Editor/6000.4.10f1/Editor/Data/PlaybackEngines/WindowsStandaloneSupport/UnityEditor.WindowsStandalone.Extensions.dll
Registered in 0.001772 seconds.
Native extension for WindowsStandalone target not found
Native extension for WebGL target not found
Package Manager log level set to [2]
ScheduleIndexationOnStartup MainProcess:False IndexOnStartup:True
Mono: successfully reloaded assembly
- Finished resetting the current domain, in  0.323 seconds
Domain Reload Profiling: 696ms
	BeginReloadAssembly (121ms)
		CreateAndSetChildDomain (15ms)
	RebuildCommonClasses (31ms)
	RebuildNativeTypeToScriptingClass (10ms)
	initialDomainReloadingComplete (51ms)
	LoadAllAssembliesAndSetupDomain (159ms)
		LoadAssemblies (104ms)
		AnalyzeDomain (151ms)
			TypeCache.Refresh (150ms)
				TypeCache.ScanAssembly (139ms)
	FinalizeReload (325ms)
		SetupLoadedEditorAssemblies (0ms)
			InitializePlatformSupportModulesInManaged (43ms)
			BeforeProcessingInitializeOnLoad (66ms)
			ProcessInitializeOnLoadAttributes (87ms)
			ProcessInitializeOnLoadMethodAttributes (75ms)
[Licensing::Client] Successfully resolved entitlement details
Application.AssetDatabase Initial Refresh Start
[Package Manager] Restoring resolved packages state from cache
[Licensing::Client] Successfully resolved entitlement details
[Package Manager] Registered 50 packages:
  Packages from [https://packages.unity.com]:
    com.unity.nuget.newtonsoft-json@3.2.2 (location: D:\timekey-unity-731\Library\PackageCache\com.unity.nuget.newtonsoft-json@4dfd81071c64)
    com.unity.searcher@4.9.4 (location: D:\timekey-unity-731\Library\PackageCache\com.unity.searcher@d45a78918735)
    com.unity.burst@1.8.29 (location: D:\timekey-unity-731\Library\PackageCache\com.unity.burst@6bb9aca3ef38)
    com.unity.mathematics@1.3.3 (location: D:\timekey-unity-731\Library\PackageCache\com.unity.mathematics@19a9377c4ffa)
    com.unity.nuget.mono-cecil@1.11.6 (location: D:\timekey-unity-731\Library\PackageCache\com.unity.nuget.mono-cecil@ecb9724e46ff)
    com.unity.test-framework.performance@3.4.0 (location: D:\timekey-unity-731\Library\PackageCache\com.unity.test-framework.performance@aa81a99c4a75)
  Built-in packages:
    com.unity.render-pipelines.universal@17.4.0 (location: D:\timekey-unity-731\Library\PackageCache\com.unity.render-pipelines.universal@cdf909593d80)
    com.unity.test-framework@1.6.0 (location: D:\timekey-unity-731\Library\PackageCache\com.unity.test-framework@996f223345ba)
    com.unity.ugui@2.0.0 (location: D:\timekey-unity-731\Library\PackageCache\com.unity.ugui@1f2d1ab0d950)
    com.unity.modules.accessibility@1.0.0 (location: D:\timekey-unity-731\Library\PackageCache\com.unity.modules.accessibility)
    com.unity.modules.adaptiveperformance@1.0.0 (location: D:\timekey-unity-731\Library\PackageCache\com.unity.modules.adaptiveperformance)
    com.unity.modules.ai@1.0.0 (location: D:\timekey-unity-731\Library\PackageCache\com.unity.modules.ai)
    com.unity.modules.androidjni@1.0.0 (location: D:\timekey-unity-731\Library\PackageCache\com.unity.modules.androidjni)
    com.unity.modules.animation@1.0.0 (location: D:\timekey-unity-731\Library\PackageCache\com.unity.modules.animation)
    com.unity.modules.assetbundle@1.0.0 (location: D:\timekey-unity-731\Library\PackageCache\com.unity.modules.assetbundle)
    com.unity.modules.audio@1.0.0 (location: D:\timekey-unity-731\Library\PackageCache\com.unity.modules.audio)
    com.unity.modules.cloth@1.0.0 (location: D:\timekey-unity-731\Library\PackageCache\com.unity.modules.cloth)
    com.unity.modules.director@1.0.0 (location: D:\timekey-unity-731\Library\PackageCache\com.unity.modules.director)
    com.unity.modules.imageconversion@1.0.0 (location: D:\timekey-unity-731\Library\PackageCache\com.unity.modules.imageconversion)
    com.unity.modules.imgui@1.0.0 (location: D:\timekey-unity-731\Library\PackageCache\com.unity.modules.imgui)
    com.unity.modules.jsonserialize@1.0.0 (location: D:\timekey-unity-731\Library\PackageCache\com.unity.modules.jsonserialize)
    com.unity.modules.particlesystem@1.0.0 (location: D:\timekey-unity-731\Library\PackageCache\com.unity.modules.particlesystem)
    com.unity.modules.physics@1.0.0 (location: D:\timekey-unity-731\Library\PackageCache\com.unity.modules.physics)
    com.unity.modules.physics2d@1.0.0 (location: D:\timekey-unity-731\Library\PackageCache\com.unity.modules.physics2d)
    com.unity.modules.screencapture@1.0.0 (location: D:\timekey-unity-731\Library\PackageCache\com.unity.modules.screencapture)
    com.unity.modules.terrain@1.0.0 (location: D:\timekey-unity-731\Library\PackageCache\com.unity.modules.terrain)
    com.unity.modules.terrainphysics@1.0.0 (location: D:\timekey-unity-731\Library\PackageCache\com.unity.modules.terrainphysics)
    com.unity.modules.tilemap@1.0.0 (location: D:\timekey-unity-731\Library\PackageCache\com.unity.modules.tilemap)
    com.unity.modules.ui@1.0.0 (location: D:\timekey-unity-731\Library\PackageCache\com.unity.modules.ui)
    com.unity.modules.uielements@1.0.0 (location: D:\timekey-unity-731\Library\PackageCache\com.unity.modules.uielements)
    com.unity.modules.umbra@1.0.0 (location: D:\timekey-unity-731\Library\PackageCache\com.unity.modules.umbra)
    com.unity.modules.unityanalytics@1.0.0 (location: D:\timekey-unity-731\Library\PackageCache\com.unity.modules.unityanalytics)
    com.unity.modules.unitywebrequest@1.0.0 (location: D:\timekey-unity-731\Library\PackageCache\com.unity.modules.unitywebrequest)
    com.unity.modules.unitywebrequestassetbundle@1.0.0 (location: D:\timekey-unity-731\Library\PackageCache\com.unity.modules.unitywebrequestassetbundle)
    com.unity.modules.unitywebrequestaudio@1.0.0 (location: D:\timekey-unity-731\Library\PackageCache\com.unity.modules.unitywebrequestaudio)
    com.unity.modules.unitywebrequesttexture@1.0.0 (location: D:\timekey-unity-731\Library\PackageCache\com.unity.modules.unitywebrequesttexture)
    com.unity.modules.unitywebrequestwww@1.0.0 (location: D:\timekey-unity-731\Library\PackageCache\com.unity.modules.unitywebrequestwww)
    com.unity.modules.vectorgraphics@1.0.0 (location: D:\timekey-unity-731\Library\PackageCache\com.unity.modules.vectorgraphics)
    com.unity.modules.vehicles@1.0.0 (location: D:\timekey-unity-731\Library\PackageCache\com.unity.modules.vehicles)
    com.unity.modules.video@1.0.0 (location: D:\timekey-unity-731\Library\PackageCache\com.unity.modules.video)
    com.unity.modules.vr@1.0.0 (location: D:\timekey-unity-731\Library\PackageCache\com.unity.modules.vr)
    com.unity.modules.wind@1.0.0 (location: D:\timekey-unity-731\Library\PackageCache\com.unity.modules.wind)
    com.unity.modules.xr@1.0.0 (location: D:\timekey-unity-731\Library\PackageCache\com.unity.modules.xr)
    com.unity.modules.subsystems@1.0.0 (location: D:\timekey-unity-731\Library\PackageCache\com.unity.modules.subsystems)
    com.unity.modules.hierarchycore@1.0.0 (location: D:\timekey-unity-731\Library\PackageCache\com.unity.modules.hierarchycore)
    com.unity.ext.nunit@2.0.5 (location: D:\timekey-unity-731\Library\PackageCache\com.unity.ext.nunit@d8c07649098d)
    com.unity.render-pipelines.core@17.4.0 (location: D:\timekey-unity-731\Library\PackageCache\com.unity.render-pipelines.core@5aab14b68499)
    com.unity.shadergraph@17.4.0 (location: D:\timekey-unity-731\Library\PackageCache\com.unity.shadergraph@93ee0fdc6ad8)
    com.unity.render-pipelines.universal-config@17.4.0 (location: D:\timekey-unity-731\Library\PackageCache\com.unity.render-pipelines.universal-config@0db4263b9e6b)
    com.unity.collections@6.4.0 (location: D:\timekey-unity-731\Library\PackageCache\com.unity.collections@5b6ebd78ccc0)
[Subsystems] No new subsystems found in resolved package list.
[Package Manager] Done registering packages in 0.01 seconds
[ScriptCompilation] Requested script compilation because: AssetDatabase observed changes in script compilation related files
Starting: C:\Program Files\Unity\Hub\Editor\6000.4.10f1\Editor\Data\Tools\BuildPipeline\bee_backend.exe --ipc --defer-dag-verification --dagfile="Library/Bee/1900b0aE.dag" --continue-on-failure --profile="Library/Bee/backend1.traceevents" ScriptAssemblies
WorkingDir: D:/timekey-unity-731
ExitCode: 4 Duration: 0s234ms
Rebuilding DAG because FileSignature timestamp changed: Library/Bee/1900b0aE-inputdata.json
[563/714    0s] ILPP-Configuration Library/ilpp-configuration.nevergeneratedoutput
*** Tundra requires additional run (0.19 seconds), 1 items updated, 562 evaluated
Starting: C:\Program Files\Unity\Hub\Editor\6000.4.10f1\Editor\Data\netcorerun\netcorerun.exe "C:\Program Files\Unity\Hub\Editor\6000.4.10f1\Editor\Data\Tools\BuildPipeline\ScriptCompilationBuildProgram.exe" "Library/Bee/1900b0aE.dag.json" "Library/Bee/1900b0aE-inputdata.json" "Library\Bee\buildprogram0.traceevents"
WorkingDir: D:/timekey-unity-731
ExitCode: 0 Duration: 0s701ms
Starting: C:\Program Files\Unity\Hub\Editor\6000.4.10f1\Editor\Data\Tools\BuildPipeline\bee_backend.exe --ipc --defer-dag-verification --dagfile="Library/Bee/1900b0aE.dag" --continue-on-failure --dagfilejson="Library\Bee\1900b0aE.dag.json" --profile="Library/Bee/backend2.traceevents" ScriptAssemblies
WorkingDir: D:/timekey-unity-731
ExitCode: 0 Duration: 2s9ms
Finished compiling graph: 717 nodes, 11796 flattened edges (9892 ToBuild, 108 ToUse), maximum node priority 724
[421/714    0s] WriteText Library/Bee/artifacts/1900b0aE.dag/TimeKey.Editor.AssetTooling.rsp
[561/714    0s] ILPP-Configuration Library/ilpp-configuration.nevergeneratedoutput
[706/714    1s] Csc Library/Bee/artifacts/1900b0aE.dag/TimeKey.Editor.AssetTooling.dll (+2 others)
Assets\_Project\Editor\AssetTooling\SceneContracts\SceneContractValidator.cs(556,54): warning CS0618: 'Object.GetInstanceID()' is obsolete: 'GetInstanceID is deprecated. Use GetEntityId instead. This will be removed in a future version.'
[707/714    0s] ILPostProcess Library/Bee/artifacts/1900b0aE.dag/post-processed/TimeKey.Editor.AssetTooling.dll (+pdb)
Processing assembly Library/Bee/artifacts/1900b0aE.dag/TimeKey.Editor.AssetTooling.dll, with 137 defines and 281 references

processors: Unity.Jobs.CodeGen.JobsILPostProcessor, zzzUnity.Burst.CodeGen.BurstILPostProcessor

running Unity.Jobs.CodeGen.JobsILPostProcessor

running zzzUnity.Burst.CodeGen.BurstILPostProcessor
[708/714    0s] CopyFiles Library/ScriptAssemblies/TimeKey.Editor.AssetTooling.dll
[709/714    0s] CopyFiles Library/ScriptAssemblies/TimeKey.Editor.AssetTooling.pdb
[710/714    0s] Csc Library/Bee/artifacts/1900b0aE.dag/TimeKey.Tests.EditMode.AssetTooling.dll (+2 others)
[711/714    0s] ILPostProcess Library/Bee/artifacts/1900b0aE.dag/post-processed/TimeKey.Tests.EditMode.AssetTooling.dll (+pdb)
Processing assembly Library/Bee/artifacts/1900b0aE.dag/TimeKey.Tests.EditMode.AssetTooling.dll, with 137 defines and 273 references

processors: Unity.Jobs.CodeGen.JobsILPostProcessor, zzzUnity.Burst.CodeGen.BurstILPostProcessor

running Unity.Jobs.CodeGen.JobsILPostProcessor

running zzzUnity.Burst.CodeGen.BurstILPostProcessor
[712/714    0s] CopyFiles Library/ScriptAssemblies/TimeKey.Tests.EditMode.AssetTooling.dll
[713/714    0s] CopyFiles Library/ScriptAssemblies/TimeKey.Tests.EditMode.AssetTooling.pdb
*** Tundra build success (1.98 seconds), 10 items updated, 714 evaluated
Assets\_Project\Editor\AssetTooling\SceneContracts\SceneContractValidator.cs(556,54): warning CS0618: 'Object.GetInstanceID()' is obsolete: 'GetInstanceID is deprecated. Use GetEntityId instead. This will be removed in a future version.'
AssetDatabase: script compilation time: 3.335989s
Begin MonoManager ReloadAssembly
Assembly Assembly-CSharp-Editor-firstpass.dll at Library/ScriptAssemblies/Assembly-CSharp-Editor-firstpass.dll not valid. Loading of assembly skipped.
Assembly Assembly-CSharp-Editor.dll at Library/ScriptAssemblies/Assembly-CSharp-Editor.dll not valid. Loading of assembly skipped.
Assembly Assembly-CSharp-firstpass.dll at Library/ScriptAssemblies/Assembly-CSharp-firstpass.dll not valid. Loading of assembly skipped.
Assembly Assembly-CSharp.dll at Library/ScriptAssemblies/Assembly-CSharp.dll not valid. Loading of assembly skipped.
Assembly TestNewCustomAssembly.dll at Library/ScriptAssemblies/TestNewCustomAssembly.dll not valid. Loading of assembly skipped.
Assembly Unity.Collections.BurstCompatibilityGen.dll at Library/ScriptAssemblies/Unity.Collections.BurstCompatibilityGen.dll not valid. Loading of assembly skipped.
Assembly Unity.Collections.DocCodeSamples.dll at Library/ScriptAssemblies/Unity.Collections.DocCodeSamples.dll not valid. Loading of assembly skipped.
Assembly Unity.Collections.PerformanceTests.dll at Library/ScriptAssemblies/Unity.Collections.PerformanceTests.dll not valid. Loading of assembly skipped.
Assembly Unity.Collections.Tests.dll at Library/ScriptAssemblies/Unity.Collections.Tests.dll not valid. Loading of assembly skipped.
Assembly Unity.Collections.Tests.Playmode.dll at Library/ScriptAssemblies/Unity.Collections.Tests.Playmode.dll not valid. Loading of assembly skipped.
Assembly Unity.Mathematics.Tests.dll at Library/ScriptAssemblies/Unity.Mathematics.Tests.dll not valid. Loading of assembly skipped.
Assembly Unity.Nuget.Mono-Cecil.dll at Library/ScriptAssemblies/Unity.Nuget.Mono-Cecil.dll not valid. Loading of assembly skipped.
Assembly Unity.PathTracing.Editor.Tests.dll at Library/ScriptAssemblies/Unity.PathTracing.Editor.Tests.dll not valid. Loading of assembly skipped.
Assembly Unity.PathTracing.Runtime.Tests.dll at Library/ScriptAssemblies/Unity.PathTracing.Runtime.Tests.dll not valid. Loading of assembly skipped.
Assembly Unity.RenderPipelines.Core.Editor.Tests.dll at Library/ScriptAssemblies/Unity.RenderPipelines.Core.Editor.Tests.dll not valid. Loading of assembly skipped.
Assembly Unity.RenderPipelines.Core.Runtime.Tests.dll at Library/ScriptAssemblies/Unity.RenderPipelines.Core.Runtime.Tests.dll not valid. Loading of assembly skipped.
Assembly Unity.RenderPipelines.Universal.Config.Editor.Tests.dll at Library/ScriptAssemblies/Unity.RenderPipelines.Universal.Config.Editor.Tests.dll not valid. Loading of assembly skipped.
Assembly Unity.RenderPipelines.Universal.Editor.Tests.dll at Library/ScriptAssemblies/Unity.RenderPipelines.Universal.Editor.Tests.dll not valid. Loading of assembly skipped.
Assembly Unity.RenderPipelines.Universal.Runtime.Tests.dll at Library/ScriptAssemblies/Unity.RenderPipelines.Universal.Runtime.Tests.dll not valid. Loading of assembly skipped.
Assembly Unity.Searcher.EditorTests.dll at Library/ScriptAssemblies/Unity.Searcher.EditorTests.dll not valid. Loading of assembly skipped.
Assembly Unity.ShaderGraph.Editor.Tests.dll at Library/ScriptAssemblies/Unity.ShaderGraph.Editor.Tests.dll not valid. Loading of assembly skipped.
Assembly Unity.TextMeshPro.Editor.Tests.dll at Library/ScriptAssemblies/Unity.TextMeshPro.Editor.Tests.dll not valid. Loading of assembly skipped.
Assembly Unity.TextMeshPro.Tests.dll at Library/ScriptAssemblies/Unity.TextMeshPro.Tests.dll not valid. Loading of assembly skipped.
Assembly Unity.UnifiedRayTracing.Editor.Tests.dll at Library/ScriptAssemblies/Unity.UnifiedRayTracing.Editor.Tests.dll not valid. Loading of assembly skipped.
Assembly UnityEditor.UI.Common.Tests.dll at Library/ScriptAssemblies/UnityEditor.UI.Common.Tests.dll not valid. Loading of assembly skipped.
Assembly UnityEditor.UI.EditorTests.dll at Library/ScriptAssemblies/UnityEditor.UI.EditorTests.dll not valid. Loading of assembly skipped.
Assembly UnityEngine.UI.Tests.dll at Library/ScriptAssemblies/UnityEngine.UI.Tests.dll not valid. Loading of assembly skipped.
Start importing Assets/_Recovery using Guid(97488f56c04783147aa9f5222b283cb8) (DefaultImporter) -> (Import Result ID: '74582a07e7301194e65217046d98be62') in 0.0364516 seconds [static dependencies only]. Details - ImportResultOutputID=3aef0cb0127dce3eb2a280a72dbe9a94 DependenciesID=ba186cd20034caafe54cc36cade2d41a StaticDependenciesID=30f2af8b2ce5cb881237dddb85d2dc3e
Native extension for WindowsStandalone target not found
Native extension for WebGL target not found
ScheduleIndexationOnStartup MainProcess:True IndexOnStartup:True
Mono: successfully reloaded assembly
- Finished resetting the current domain, in  2.314 seconds
Domain Reload Profiling: 3088ms
	BeginReloadAssembly (318ms)
		DisableScriptedObjects (50ms)
		CreateAndSetChildDomain (149ms)
	RebuildCommonClasses (29ms)
	RebuildNativeTypeToScriptingClass (10ms)
	initialDomainReloadingComplete (72ms)
	LoadAllAssembliesAndSetupDomain (345ms)
		LoadAssemblies (301ms)
		AnalyzeDomain (123ms)
			TypeCache.Refresh (86ms)
				TypeCache.ScanAssembly (76ms)
			BuildScriptInfoCaches (28ms)
			ResolveRequiredComponents (8ms)
	FinalizeReload (2315ms)
		SetupLoadedEditorAssemblies (0ms)
			InitializePlatformSupportModulesInManaged (21ms)
			BeforeProcessingInitializeOnLoad (129ms)
			ProcessInitializeOnLoadAttributes (1673ms)
			ProcessInitializeOnLoadMethodAttributes (75ms)
			AfterProcessingInitializeOnLoad (4ms)
		AwakeInstancesAfterBackupRestoration (118ms)
Start importing Assets/_Recovery/0.unity using Guid(c006f91a8a404ac4fb62eeebe8fd2aec) (DefaultImporter) -> (Import Result ID: 'ed15d9b01464c06fbc2efc9ec57fd83a') in 0.0232274 seconds [static dependencies only]. Details - ImportResultOutputID=1b69a582e34377750de87d69d5c959e5 DependenciesID=b566a1efd7b1fcb6f35be35d8cc7ba1b StaticDependenciesID=ee689abfcee9da7b6b21fe652fe6414f
Opening scene 'Assets/_Recovery/0.unity'
Unloading 0 Unused Serialized files (Serialized files now loaded: 0)
Loaded scene 'Assets/_Recovery/0.unity'
	Deserialize:            6.598 ms
	Integration:            112.773 ms
	Integration of assets:  0.004 ms
	Thread Wait Time:       0.228 ms
	Total Operation Time:   119.603 ms
Unloading 3420 unused Assets / (2.6 MB). Loaded Objects now: 4290.
Memory consumption went from 151.7 MB to 149.1 MB.
Total: 9.309400 ms (FindLiveObjects: 0.466000 ms CreateObjectMapping: 0.116300 ms MarkObjects: 6.102500 ms  DeleteObjects: 2.353600 ms)

Unloading 1 Unused Serialized files (Serialized files now loaded: 0)
Loaded scene 'Temp/__Backupscenes/0.backup'
	Deserialize:            0.202 ms
	Integration:            97.210 ms
	Integration of assets:  0.001 ms
	Thread Wait Time:       0.033 ms
	Total Operation Time:   97.446 ms
Unloading 0 unused Assets / (0 B). Loaded Objects now: 4287.
Memory consumption went from 148.2 MB to 148.2 MB.
Total: 4.466700 ms (FindLiveObjects: 0.188900 ms CreateObjectMapping: 0.080600 ms MarkObjects: 4.177200 ms  DeleteObjects: 0.018800 ms)

Start importing Assets/_Recovery/0.unity using Guid(c006f91a8a404ac4fb62eeebe8fd2aec) (DefaultImporter) -> (Import Result ID: 'ff6623e9da0a5536b2242cadb8551363') in 0.0012402 seconds [static dependencies only]. Details - ImportResultOutputID=1b69a582e34377750de87d69d5c959e5 DependenciesID=1a87851aba4a286eb0154ea0a28f0341 StaticDependenciesID=fe5b2395b0c29ba6a8c7e81c45ff0dd6
(Values over 0.050ms)
Asset Pipeline Refresh (id=4ff081b50c2da2e408cb4d1f7a031d3d): Total: 7.346 seconds - Initiated by InitialRefreshV2(ForceSynchronousImport)
	Summary:
		Imports: total=3 (actual=3, local cache=0, cache server=0)
		Asset DB Process Time: managed=6 ms, native=3027 ms
		Asset DB Callback time: managed=150 ms, native=19 ms
		Scripting: domain reloads=1, domain reload time=777 ms, compile time=3337 ms, other=26 ms
		Project Asset Count: scripts=918, non-scripts=1628
		Asset File Changes: new=3, changed=4, moved=0, deleted=0
		Scan Filter Count: 0
	InvokePackagesCallback: 18.456ms
	ApplyChangesToAssetFolders: 0.717ms
	Scan: 171.799ms
	OnSourceAssetsModified: 1.451ms
	CategorizeScriptCompilationAssets: 14.592ms
	ProcessAssetsWithTransientArtifactChanges: 33.350ms
	CategorizeAssets: 59.345ms
	CompileScripts: 3337.420ms
	ImportOutOfDateAssets: 2643.409ms (2573.088ms without children)
		ImportManagerImport: 68.018ms (4.073ms without children)
			UpdateCategorizedAssets: 0.061ms
		ReloadNativeAssets: 0.058ms
		UnloadImportedAssets: 0.955ms
		EnsureUptoDateAssetsAreRegisteredWithGuidPM: 0.536ms
		OnDemandSchedulerStart: 0.742ms
	PostProcessAllAssets: 151.141ms
		VersionControlSettings.HiddenFilePostprocess 0.124ms
		MonoPostProcessAllAssets: 148.763ms
			AssetPostprocessor.OnPostprocessAllAssets 76.268ms
			SyncVS.PostprocessSyncProject 21.005ms
			StyleCatalogPostProcessor.OnPostprocessAllAssets 10.985ms
			UniversalRenderPipelineGlobalSettingsPostprocessor.OnPostprocessAllAssets 9.870ms
			AssetChangedListener.OnPostprocessAllAssets 5.122ms
			BuilderAssetPostprocessor.OnPostprocessAllAssets 4.872ms
			SpeedTree9Postprocessor.OnPostprocessAllAssets 1.772ms
			WindowAssetPostprocessingWatcher.OnPostprocessAllAssets 1.754ms
			ShaderGraphAssetPostProcessor.OnPostprocessAllAssets 1.468ms
			RenderPipelineGlobalSettingsPostprocessor.OnPostprocessAllAssets 1.077ms
			RetainedModeAssetPostprocessor.OnPostprocessAllAssets 1.027ms
			ReferencedClipsPostProcessor.OnPostprocessAllAssets 0.792ms
			TMPro_TexturePostProcessor.OnPostprocessAllAssets 0.692ms
			MaterialPostprocessor.OnPostprocessAllAssets 0.551ms
			ArtifactBrowserPostProcessor.OnPostprocessAllAssets 0.445ms
			TextAssetPostProcessor.OnPostprocessAllAssets 0.379ms
			PostProcessor.OnPostprocessAllAssets 0.266ms
			AssetEvents.OnPostprocessAllAssets 0.253ms
			AudioMixerPostprocessor.OnPostprocessAllAssets 0.196ms
			TerrainToolbarOverlayPostProcessor.OnPostprocessAllAssets 0.166ms
			SpeedTreePostProcessor.OnPostprocessAllAssets 0.134ms
			AssetDatabaseCallbacks.OnPostprocessAllAssets 0.126ms
			ScenarioDriftAssetsTracker.OnPostprocessAllAssets 0.102ms
			ConfigAssetsTracker.OnPostprocessAllAssets 0.097ms
			AudioContainerPostProcessor.OnPostprocessAllAssets 0.050ms
	PostAssetChangesProfiler: 1.307ms
	UnloadStreamsBegin: 2.008ms
	PersistCurrentRevisions: 0.134ms
	GenerateScriptTypeHashes: 3.124ms
	GenerateScriptTypeSerializationHashes: 5.064ms
	Untracked: 902.851ms

Application.AssetDatabase Initial Refresh End
Launched and connected shader compiler UnityShaderCompiler.exe after 0.02 seconds
Scanning for USB devices : 3.820ms
Initializing Unity extensions:
[MODES] ModeService[none].Initialize
[MODES] ModeService[none].LoadModes
[MODES] Loading mode Default (0) for mode-current-id-Time Key Unity Slice
Unloading 27 Unused Serialized files (Serialized files now loaded: 0)
Unloading 50 unused Assets / (3.2 MB). Loaded Objects now: 4338.
Memory consumption went from 196.4 MB to 193.3 MB.
Total: 7.183200 ms (FindLiveObjects: 0.236200 ms CreateObjectMapping: 0.061100 ms MarkObjects: 4.863000 ms  DeleteObjects: 2.021000 ms)

[LAYOUT] About to load UserSettings\Layouts\default-6000.dwlt, keepMainWindow=False
[LAYOUT] About to save layout D:\timekey-unity-731\UserSettings\Layouts\default-6000.dwlt
[LAYOUT] About to save layout C:/Users/bulbel/AppData/Roaming/Unity/Editor-5.x/Preferences\Layouts\current\default-6000.dwlt
[MODES] ModeService[default].InitializeCurrentMode
[MODES] ModeService[default].RaiseModeChanged(default, default)
This project uses Input Manager, which is marked for deprecation. To manage input in your project, use the <a href="https://docs.unity3d.com/Packages/com.unity.inputsystem@latest">Input System package</a> instead.
Opening scene 'Assets/_Project/Scenes/VerticalSlice/CombatVerticalSlice.unity additively'
Loaded scene 'Assets/_Project/Scenes/VerticalSlice/CombatVerticalSlice.unity'
	Deserialize:            46.500 ms
	Integration:            21.018 ms
	Integration of assets:  20.039 ms
	Thread Wait Time:       1.546 ms
	Total Operation Time:   89.104 ms
Unity is running with Administrator privileges, which is not supported. Unity executes scripts and binary libraries in your project that may originate from third party sources and potentially be harmful to your computer. Unity may also execute scripts and binary libraries that are still under development and not yet fully tested. Running Unity with Administrator privileges may lead to catastrophic consequences, including but not limited to accidental data loss, change of global system settings or even bricking your device.
<RI> Initializing input.

<RI> Input initialized.

[Project] Loading completed in 22.951 seconds
	Project init time: 				17.601 seconds
		Template init time: 		0.000 seconds
		Package Manager init time: 		0.012 seconds
		Asset Database init time: 		0.611 seconds
		Global illumination init time: 	0.004 seconds
		Assemblies load time: 			0.728 seconds
		Unity extensions init time: 	0.024 seconds
		Asset Database refresh time: 	7.348 seconds
	Scene opening time: 			1.246 seconds
##utp:{"type":"ProjectInfo","version":2,"phase":"Immediate","time":1785736614456,"processId":18612,"projectLoad":22.9506677,"projectInit":17.6011955,"templateInit":0.0,"packageManagerInit":0.0116559,"assetDatabaseInit":0.6112058,"globalIlluminationInit":0.0037892,"assembliesLoad":0.728134,"unityExtensionsInit":0.0244557,"assetDatabaseRefresh":7.3477806,"sceneOpening":1.246138}
##utp:{"type":"EditorInfo","version":2,"phase":"Immediate","time":1785736614457,"processId":18612,"editorVersion":"6000.4.10f1 (feeafc12a938)","branch":"6000.4/staging","buildType":"Release","platform":"Windows"}
[Package Manager] The "path" argument must be of type string. Received undefined
[Package Manager] The "path" argument must be of type string. Received undefined
Start Indexing on Editor startup
[Indexing] Starting Initial Indexing for Assets
Created GICache directory at C:/Users/bulbel/AppData/LocalLow/Unity/Caches/GiCache. Took: 0.010s, timestamps: [24.462 - 24.472]
[Package Manager] The "path" argument must be of type string. Received undefined
Starting new worker id: 0 with log in D:/timekey-unity-731/Logs/AssetImportWorker0.log
Starting new worker id: 1 with log in D:/timekey-unity-731/Logs/AssetImportWorker1.log
Starting new worker id: 2 with log in D:/timekey-unity-731/Logs/AssetImportWorker2.log
Starting new worker id: 3 with log in D:/timekey-unity-731/Logs/AssetImportWorker3.log
Starting new worker id: 4 with log in D:/timekey-unity-731/Logs/AssetImportWorker4.log
Starting new worker id: 5 with log in D:/timekey-unity-731/Logs/AssetImportWorker5.log
[Package Manager] The "path" argument must be of type string. Received undefined
[Package Manager] The "path" argument must be of type string. Received undefined
[Package Manager] The "path" argument must be of type string. Received undefined
[包管理器窗口] The "path" argument must be of type string. Received undefined
UnityEngine.Debug:ExtractStackTraceNoAlloc (byte*,int,string)
UnityEngine.StackTraceUtility:ExtractStackTrace ()
UnityEngine.DebugLogHandler:Internal_Log (UnityEngine.LogType,UnityEngine.LogOption,string,UnityEngine.Object)
UnityEngine.DebugLogHandler:LogFormat (UnityEngine.LogType,UnityEngine.Object,string,object[])
UnityEngine.Logger:Log (UnityEngine.LogType,object)
UnityEngine.Debug:LogError (object)
UnityEditor.PackageManager.UI.Internal.UpmBaseOperation`1<UnityEditor.PackageManager.Requests.GetRegistriesRequest>:OnError (UnityEditor.PackageManager.UI.Internal.UIError)
UnityEditor.PackageManager.UI.Internal.UpmBaseOperation`1<UnityEditor.PackageManager.Requests.GetRegistriesRequest>:Progress ()
UnityEditor.EditorApplication:Internal_CallUpdateFunctions ()

[Package Manager] The "path" argument must be of type string. Received undefined
[包管理器窗口] 离线获取包列表时出错。
The "path" argument must be of type string. Received undefined
UnityEngine.Debug:ExtractStackTraceNoAlloc (byte*,int,string)
UnityEngine.StackTraceUtility:ExtractStackTrace ()
UnityEngine.DebugLogHandler:Internal_Log (UnityEngine.LogType,UnityEngine.LogOption,string,UnityEngine.Object)
UnityEngine.DebugLogHandler:LogFormat (UnityEngine.LogType,UnityEngine.Object,string,object[])
UnityEngine.Logger:Log (UnityEngine.LogType,object)
UnityEngine.Debug:LogError (object)
UnityEditor.PackageManager.UI.Internal.UpmBaseOperation`1<UnityEditor.PackageManager.Requests.ListRequest>:OnError (UnityEditor.PackageManager.UI.Internal.UIError)
UnityEditor.PackageManager.UI.Internal.UpmBaseOperation`1<UnityEditor.PackageManager.Requests.ListRequest>:Progress ()
UnityEditor.EditorApplication:Internal_CallUpdateFunctions ()

[Licensing::Client] Successfully updated the access token
[Licensing::Module] Successfully updated access token: "EA6tSnTn"... (expires: 2026-08-03T07:04:23Z)
[SceneContractValidatorEvidence] PASS
UnityEngine.Debug:ExtractStackTraceNoAlloc (byte*,int,string)
UnityEngine.StackTraceUtility:ExtractStackTrace ()
UnityEngine.DebugLogHandler:Internal_Log (UnityEngine.LogType,UnityEngine.LogOption,string,UnityEngine.Object)
UnityEngine.DebugLogHandler:LogFormat (UnityEngine.LogType,UnityEngine.Object,string,object[])
UnityEngine.Logger:Log (UnityEngine.LogType,object)
UnityEngine.Debug:Log (object)
TimeKey.Editor.AssetTooling.SceneContracts.SceneContractValidatorEvidenceAutomation:Tick () (at Assets/_Project/Editor/AssetTooling/SceneContracts/SceneContractValidatorEvidenceAutomation.cs:88)
UnityEditor.EditorApplication:Internal_CallUpdateFunctions ()

(Filename: Assets/_Project/Editor/AssetTooling/SceneContracts/SceneContractValidatorEvidenceAutomation.cs Line: 88)

Curl error 35: Cert verify failed. Certificate could not be verified (either omitted or unsupported). UnityTls error code: 7
[LAYOUT] About to save layout D:\timekey-unity-731\UserSettings\Layouts\default-6000.dwlt
[LAYOUT] About to save layout C:/Users/bulbel/AppData/Roaming/Unity/Editor-5.x/Preferences\Layouts\current\default-6000.dwlt
[Physics::Module] Cleanup current backend.
[Physics::Module] Id: 0xf2b8ea05
Input System module state changed to: ShutdownInProgress.
Input Polling Thread exited.
Input System module state changed to: Shutdown.
[Licensing::IpcConnector] LicenseClient-bulbel-6000.4.10-notifications channel disconnected successfully.
[Licensing::IpcConnector] LicenseClient-bulbel-6000.4.10 channel disconnected successfully.
AcceleratorClientConnectionCallback - disconnected - :0
Cleanup mono
CodeReloadManager destroyed
Checking for leaked weakptr:
  Found no leaked weakptrs.
[Package Manager] Server process was shutdown
##utp:{"type":"MemoryLeaks","version":2,"phase":"Immediate","time":1785736621314,"processId":18612,"allocatedMemory":18111281,"memoryLabels":[{"Default":4005357},{"Permanent":15276},{"NewDelete":65809},{"Thread":4237592},{"Manager":824272},{"VertexData":8},{"Geometry":816},{"Texture":24},{"Shader":857891},{"Material":24},{"GfxDevice":57360},{"Animation":392},{"Audio":3008},{"FreeType":8},{"FontEngine":736},{"Physics":2090},{"Physics2D":16},{"Serialization":161672},{"Input":9880},{"JobScheduler":33024},{"TextLib":41620},{"Mono":32},{"MonoCode":64},{"ScriptingNativeRuntime":155052},{"BaseObject":1620432},{"Resource":1184},{"Renderer":3008},{"Transform":4685},{"File":6938},{"WebCam":616},{"Culling":32},{"Terrain":11394},{"Wind":24},{"STL":40},{"String":24634},{"StaticString":6718},{"Utility":2674618},{"Curl":48},{"PoolAlloc":2264},{"AI":80},{"TypeTree":13637},{"ScriptManager":448},{"RuntimeInitializeOnLoadManager":64},{"SpriteAtlas":120},{"GI":7792},{"Director":8320},{"CloudService":13616},{"WebRequest":9077},{"VR":48050},{"SceneManager":504},{"Video":208},{"LazyScriptCache":32},{"Camera":17},{"Secure":2377},{"SerializationCache":1576},{"APIUpdating":10320},{"Subsystems":336},{"VirtualTexturing":57888},{"StaticSafetyDebugInfo":278528},{"Analytics":840},{"Hierarchy":608},{"CoreStats":13112},{"Identifiers":12960},{"Gui":128},{"EditorUtility":187781},{"VersionControl":4},{"Undo":931},{"AssetDatabase":2563282},{"EditorGi":328},{"UnityConnect":33335},{"Upm":1912},{"UpmDiagnostics":8},{"AssetCompliance":64},{"DrivenProperties":72},{"LocalIPC":282},{"ProfilerEditor":9746},{"CoreBusinessMetrics":2936},{"Windowing":456},{"Licensing":888},{"AssetReference":32},{"IPCStream":32}]}
