[Licensing::Module] Trying to connect to existing licensing client channel...
Built from '6000.4/staging' branch; Version is '6000.4.10f1 (feeafc12a938) revision 16706300'; Using compiler version '194234433'; Build Type 'Release'
OS: 'Windows 11  (10.0.26200) CoreCountrySpecific' Language: 'zh' Physical Memory: 16101 MB
BatchMode: 1, IsHumanControllingUs: 0, StartBugReporterOnCrash: 0, Is64bit: 1
System  architecture: x64
[Licensing::IpcConnector] Successfully connected to: "LicenseClient-bulbel" at "2026-08-03T06:52:48.3046158Z"
Process architecture: x64
Date: 2026-08-03T06:52:48Z

COMMAND LINE ARGUMENTS:
C:\Program Files\Unity\Hub\Editor\6000.4.10f1\Editor\Unity.exe
-batchmode
-projectPath
D:\timekey-unity-731
-runTests
-testPlatform
EditMode
-testFilter
TimeKey.Tests.EditMode.AssetTooling
-testResults
D:\godot\时之钥\时之钥\docs\migration\unity-3d\04-verification\evidence\pluginization-and-asset-tooling\editmode-scene-contract-post-review.xml
-logFile
D:\godot\时之钥\时之钥\docs\migration\unity-3d\04-verification\evidence\pluginization-and-asset-tooling\editmode-scene-contract-post-review.log
Successfully changed project path to: D:\timekey-unity-731
D:/timekey-unity-731
[UnityMemory] Configuration Parameters - Can be set up in boot.config
    "memorysetup-temp-allocator-size-gi-baking-worker=262144"
    "memorysetup-temp-allocator-size-gi-baking-worker=262144"
    "memorysetup-temp-allocator-size-gi-baking-worker=262144"
    "memorysetup-temp-allocator-size-gi-baking-worker=262144"
    "memorysetup-temp-allocator-size-gi-baking-worker=262144"
    "memorysetup-temp-allocator-size-nav-mesh-worker=65536"
    "memorysetup-temp-allocator-size-audio-worker=65536"
    "memorysetup-temp-allocator-size-cloud-worker=32768"
    "memorysetup-temp-allocator-size-gfx=262144"
    "memorysetup-temp-allocator-size-preload-manager=33554432"
    "memorysetup-temp-allocator-size-job-worker=262144"
    "memorysetup-temp-allocator-size-background-worker=32768"
    "memorysetup-allocator-temp-initial-block-size-main=262144"
    "memorysetup-allocator-temp-initial-block-size-worker=262144"
    "memorysetup-bucket-allocator-granularity=16"
    "memorysetup-bucket-allocator-bucket-count=8"
    "memorysetup-bucket-allocator-block-size=33554432"
    "memorysetup-bucket-allocator-block-count=8"
    "memorysetup-main-allocator-block-size=16777216"
    "memorysetup-thread-allocator-block-size=16777216"
    "memorysetup-gfx-main-allocator-block-size=16777216"
    "memorysetup-gfx-thread-allocator-block-size=16777216"
    "memorysetup-cache-allocator-block-size=4194304"
    "memorysetup-typetree-allocator-block-size=2097152"
    "memorysetup-profiler-bucket-allocator-granularity=16"
    "memorysetup-profiler-bucket-allocator-bucket-count=8"
    "memorysetup-profiler-bucket-allocator-block-size=33554432"
    "memorysetup-profiler-bucket-allocator-block-count=8"
    "memorysetup-profiler-allocator-block-size=16777216"
    "memorysetup-profiler-editor-allocator-block-size=1048576"
    "memorysetup-temp-allocator-size-main=16777216"
    "memorysetup-job-temp-allocator-block-size=2097152"
    "memorysetup-job-temp-allocator-block-size-background=1048576"
    "memorysetup-job-temp-allocator-reduction-small-platforms=262144"
Player connection [62992]  Target information:

Player connection [62992]  * "[IP] 169.254.83.107 [Port] 55504 [Flags] 2 [Guid] 1816256984 [EditorId] 1816256984 [Version] 1048832 [Id] WindowsEditor(7,XCYHJN) [Debug] 1 [PackageName] WindowsEditor [ProjectName] Editor"

Player connection [62992]  * "[IP] 192.168.1.4 [Port] 55504 [Flags] 2 [Guid] 1816256984 [EditorId] 1816256984 [Version] 1048832 [Id] WindowsEditor(7,XCYHJN) [Debug] 1 [PackageName] WindowsEditor [ProjectName] Editor"

Player connection [62992] Host joined multi-casting on [225.0.0.222:54997]...
Player connection [62992] Host joined alternative multi-casting on [225.0.0.222:34997]...
Input System module state changed to: Initialized.
[Physics::Module] Initialized fallback backend.
[Physics::Module] Id: 0xdecafbad
[Package Manager] Connected to IPC stream "Upm-30704" after 0.2 seconds.
[Licensing::Module] Licensing is not yet initialized.
[Licensing::Client] Error: HandshakeResponse reported an error:
	ResponseCode: 505
	ResponseStatus: Unsupported protocol version '1.18.1'.
[Licensing::Module] Error: Failed to handshake to channel: "LicenseClient-bulbel"
[Licensing::IpcConnector] LicenseClient-bulbel channel disconnected successfully.
[Licensing::IpcConnector] Channel LicenseClient-bulbel-6000.4.10 doesn't exist
[Licensing::Module] Successfully launched the LicensingClient (PId: 23620)
[Licensing::IpcConnector] Successfully connected to: "LicenseClient-bulbel-6000.4.10" at "2026-08-03T06:52:50.5229183Z"
[Licensing::Client] Code 10 while verifying Licensing Client signature (process Id: 23620, path: "C:/Program Files/Unity/Hub/Editor/6000.4.10f1/Editor/Data/Resources/Licensing/Client/Unity.Licensing.Client.exe")
[Licensing::Module] LicensingClient has failed validation; ignoring
[Licensing::Client] Handshaking with LicensingClient:
  Version:                 1.18.1+9fbee8e
  Session Id:              b282ac69aea549b0898b2af87b6f13b2
  Correlation Id:          eabfad2c004296665482786da856f683
  External correlation Id: 4749715258771668797
  Machine Id:              yJrbT3DoWrzBIQlBuBTMLFfdCRE=
[Licensing::Module] Successfully connected to LicensingClient on channel: "LicenseClient-bulbel-6000.4.10" (connect: 0.37s, validation: 0.63s, handshake: 0.01s)
[Licensing::IpcConnector] Successfully connected to: "LicenseClient-bulbel-6000.4.10-notifications" at "2026-08-03T06:52:51.1601928Z"
[Licensing::Module] Connected to LicensingClient (PId: 23620, launch time: 0.01, total connection time: 1.01s)
[Licensing::Module] Error: Access token is unavailable; failed to update
[Licensing::Client] Successfully resolved entitlement details
[Licensing::Module] License group:
  Id: ewogICJzdWJzR3JvdXAiIDogInVuaXR5IGVkaXRvciIsCiAgIm5hbWVzcGFjZSIgOiAidW5pdHlfZWRpdG9yIiwKICAidHlwZSIgOiAiRURJVE9SIiwKICAidGFnIiA6ICJVbml0eVBlcnNvbmFsXXXX
  Product: Unity Personal Version
  Type: Assigned
  Expiration: Unlimited
[Licensing::Client] Successfully updated license, isAsync: True, time: 0.01
[Licensing::Module] Licensing Background thread has ended after 2.89s
[Licensing::Module] Licensing is initialized (took 1.10s).
[Licensing::Client] Successfully resolved entitlement details
Library Redirect Path: Library/
[Physics::Module] Selected backend.
[Physics::Module] Name: PhysX
[Physics::Module] Id: 0xf2b8ea05
[Physics::Module] SDK Version: 4.1.2
[Physics::Module] Integration Version: 1.0.0
[Physics::Module] Threading Mode: Multi-Threaded
Initialize engine version: 6000.4.10f1 (feeafc12a938)
[Subsystems] Discovering subsystems at path C:/Program Files/Unity/Hub/Editor/6000.4.10f1/Editor/Data/Resources/UnitySubsystems
[Subsystems] Discovering subsystems at path D:/timekey-unity-731/Assets
GfxDevice: creating device client; kGfxThreadingModeNonThreaded
d3d12: failed to query info queue interface (0x80004002).
Direct3D:
    Version:         Direct3D 12 [level 12.2]
    Renderer:        NVIDIA GeForce RTX 5060 Laptop GPU (ID=0x2d19)
    Vendor:          NVIDIA
    VRAM:            7899 MB
    App VRAM Budget: 7131 MB
    Driver:          32.0.16.1047
Initialize mono
Mono path[0] = 'C:/Program Files/Unity/Hub/Editor/6000.4.10f1/Editor/Data/Managed'
Mono path[1] = 'C:/Program Files/Unity/Hub/Editor/6000.4.10f1/Editor/Data/MonoBleedingEdge/lib/mono/unityjit-win32'
Mono config path = 'C:/Program Files/Unity/Hub/Editor/6000.4.10f1/Editor/Data/MonoBleedingEdge/etc'
Using monoOptions --debugger-agent=transport=dt_socket,embedding=1,server=y,suspend=n,address=127.0.0.1:56704
CodeReloadManager initialized
Using cacheserver namespaces - metadata:defaultmetadata, artifacts:defaultartifacts
Using cacheserver namespaces - metadata:defaultmetadata, artifacts:defaultartifacts
ImportWorker Server TCP listen port: 0
AcceleratorClientConnectionCallback - disconnected - :0
Begin MonoManager ReloadAssembly
Registering precompiled unity dll's ...
Register platform support module: C:/Program Files/Unity/Hub/Editor/6000.4.10f1/Editor/Data/PlaybackEngines/WebGLSupport/UnityEditor.WebGL.Extensions.dll
Register platform support module: C:/Program Files/Unity/Hub/Editor/6000.4.10f1/Editor/Data/PlaybackEngines/WindowsStandaloneSupport/UnityEditor.WindowsStandalone.Extensions.dll
Registered in 0.004083 seconds.
Native extension for WindowsStandalone target not found
Native extension for WebGL target not found
Package Manager log level set to [2]
ScheduleIndexationOnStartup MainProcess:False IndexOnStartup:True
Mono: successfully reloaded assembly
- Finished resetting the current domain, in  0.389 seconds
Domain Reload Profiling: 841ms
	BeginReloadAssembly (151ms)
		CreateAndSetChildDomain (20ms)
	RebuildCommonClasses (42ms)
	RebuildNativeTypeToScriptingClass (9ms)
	initialDomainReloadingComplete (60ms)
	LoadAllAssembliesAndSetupDomain (188ms)
		LoadAssemblies (124ms)
		AnalyzeDomain (179ms)
			TypeCache.Refresh (178ms)
				TypeCache.ScanAssembly (164ms)
	FinalizeReload (391ms)
		SetupLoadedEditorAssemblies (0ms)
			InitializePlatformSupportModulesInManaged (46ms)
			BeforeProcessingInitializeOnLoad (65ms)
			ProcessInitializeOnLoadAttributes (107ms)
			ProcessInitializeOnLoadMethodAttributes (113ms)
[Licensing::Client] Successfully resolved entitlement details
Application.AssetDatabase Initial Refresh Start
[Package Manager] Restoring resolved packages state from cache
[Licensing::Client] Successfully resolved entitlement details
[Package Manager] Registered 50 packages:
  Packages from [https://packages.unity.com]:
    com.unity.nuget.newtonsoft-json@3.2.2 (location: D:\timekey-unity-731\Library\PackageCache\com.unity.nuget.newtonsoft-json@4dfd81071c64)
    com.unity.searcher@4.9.4 (location: D:\timekey-unity-731\Library\PackageCache\com.unity.searcher@d45a78918735)
    com.unity.burst@1.8.29 (location: D:\timekey-unity-731\Library\PackageCache\com.unity.burst@6bb9aca3ef38)
    com.unity.mathematics@1.3.3 (location: D:\timekey-unity-731\Library\PackageCache\com.unity.mathematics@19a9377c4ffa)
    com.unity.nuget.mono-cecil@1.11.6 (location: D:\timekey-unity-731\Library\PackageCache\com.unity.nuget.mono-cecil@ecb9724e46ff)
    com.unity.test-framework.performance@3.4.0 (location: D:\timekey-unity-731\Library\PackageCache\com.unity.test-framework.performance@aa81a99c4a75)
  Built-in packages:
    com.unity.render-pipelines.universal@17.4.0 (location: D:\timekey-unity-731\Library\PackageCache\com.unity.render-pipelines.universal@cdf909593d80)
    com.unity.test-framework@1.6.0 (location: D:\timekey-unity-731\Library\PackageCache\com.unity.test-framework@996f223345ba)
    com.unity.ugui@2.0.0 (location: D:\timekey-unity-731\Library\PackageCache\com.unity.ugui@1f2d1ab0d950)
    com.unity.modules.accessibility@1.0.0 (location: D:\timekey-unity-731\Library\PackageCache\com.unity.modules.accessibility)
    com.unity.modules.adaptiveperformance@1.0.0 (location: D:\timekey-unity-731\Library\PackageCache\com.unity.modules.adaptiveperformance)
    com.unity.modules.ai@1.0.0 (location: D:\timekey-unity-731\Library\PackageCache\com.unity.modules.ai)
    com.unity.modules.androidjni@1.0.0 (location: D:\timekey-unity-731\Library\PackageCache\com.unity.modules.androidjni)
    com.unity.modules.animation@1.0.0 (location: D:\timekey-unity-731\Library\PackageCache\com.unity.modules.animation)
    com.unity.modules.assetbundle@1.0.0 (location: D:\timekey-unity-731\Library\PackageCache\com.unity.modules.assetbundle)
    com.unity.modules.audio@1.0.0 (location: D:\timekey-unity-731\Library\PackageCache\com.unity.modules.audio)
    com.unity.modules.cloth@1.0.0 (location: D:\timekey-unity-731\Library\PackageCache\com.unity.modules.cloth)
    com.unity.modules.director@1.0.0 (location: D:\timekey-unity-731\Library\PackageCache\com.unity.modules.director)
    com.unity.modules.imageconversion@1.0.0 (location: D:\timekey-unity-731\Library\PackageCache\com.unity.modules.imageconversion)
    com.unity.modules.imgui@1.0.0 (location: D:\timekey-unity-731\Library\PackageCache\com.unity.modules.imgui)
    com.unity.modules.jsonserialize@1.0.0 (location: D:\timekey-unity-731\Library\PackageCache\com.unity.modules.jsonserialize)
    com.unity.modules.particlesystem@1.0.0 (location: D:\timekey-unity-731\Library\PackageCache\com.unity.modules.particlesystem)
    com.unity.modules.physics@1.0.0 (location: D:\timekey-unity-731\Library\PackageCache\com.unity.modules.physics)
    com.unity.modules.physics2d@1.0.0 (location: D:\timekey-unity-731\Library\PackageCache\com.unity.modules.physics2d)
    com.unity.modules.screencapture@1.0.0 (location: D:\timekey-unity-731\Library\PackageCache\com.unity.modules.screencapture)
    com.unity.modules.terrain@1.0.0 (location: D:\timekey-unity-731\Library\PackageCache\com.unity.modules.terrain)
    com.unity.modules.terrainphysics@1.0.0 (location: D:\timekey-unity-731\Library\PackageCache\com.unity.modules.terrainphysics)
    com.unity.modules.tilemap@1.0.0 (location: D:\timekey-unity-731\Library\PackageCache\com.unity.modules.tilemap)
    com.unity.modules.ui@1.0.0 (location: D:\timekey-unity-731\Library\PackageCache\com.unity.modules.ui)
    com.unity.modules.uielements@1.0.0 (location: D:\timekey-unity-731\Library\PackageCache\com.unity.modules.uielements)
    com.unity.modules.umbra@1.0.0 (location: D:\timekey-unity-731\Library\PackageCache\com.unity.modules.umbra)
    com.unity.modules.unityanalytics@1.0.0 (location: D:\timekey-unity-731\Library\PackageCache\com.unity.modules.unityanalytics)
    com.unity.modules.unitywebrequest@1.0.0 (location: D:\timekey-unity-731\Library\PackageCache\com.unity.modules.unitywebrequest)
    com.unity.modules.unitywebrequestassetbundle@1.0.0 (location: D:\timekey-unity-731\Library\PackageCache\com.unity.modules.unitywebrequestassetbundle)
    com.unity.modules.unitywebrequestaudio@1.0.0 (location: D:\timekey-unity-731\Library\PackageCache\com.unity.modules.unitywebrequestaudio)
    com.unity.modules.unitywebrequesttexture@1.0.0 (location: D:\timekey-unity-731\Library\PackageCache\com.unity.modules.unitywebrequesttexture)
    com.unity.modules.unitywebrequestwww@1.0.0 (location: D:\timekey-unity-731\Library\PackageCache\com.unity.modules.unitywebrequestwww)
    com.unity.modules.vectorgraphics@1.0.0 (location: D:\timekey-unity-731\Library\PackageCache\com.unity.modules.vectorgraphics)
    com.unity.modules.vehicles@1.0.0 (location: D:\timekey-unity-731\Library\PackageCache\com.unity.modules.vehicles)
    com.unity.modules.video@1.0.0 (location: D:\timekey-unity-731\Library\PackageCache\com.unity.modules.video)
    com.unity.modules.vr@1.0.0 (location: D:\timekey-unity-731\Library\PackageCache\com.unity.modules.vr)
    com.unity.modules.wind@1.0.0 (location: D:\timekey-unity-731\Library\PackageCache\com.unity.modules.wind)
    com.unity.modules.xr@1.0.0 (location: D:\timekey-unity-731\Library\PackageCache\com.unity.modules.xr)
    com.unity.modules.subsystems@1.0.0 (location: D:\timekey-unity-731\Library\PackageCache\com.unity.modules.subsystems)
    com.unity.modules.hierarchycore@1.0.0 (location: D:\timekey-unity-731\Library\PackageCache\com.unity.modules.hierarchycore)
    com.unity.ext.nunit@2.0.5 (location: D:\timekey-unity-731\Library\PackageCache\com.unity.ext.nunit@d8c07649098d)
    com.unity.render-pipelines.core@17.4.0 (location: D:\timekey-unity-731\Library\PackageCache\com.unity.render-pipelines.core@5aab14b68499)
    com.unity.shadergraph@17.4.0 (location: D:\timekey-unity-731\Library\PackageCache\com.unity.shadergraph@93ee0fdc6ad8)
    com.unity.render-pipelines.universal-config@17.4.0 (location: D:\timekey-unity-731\Library\PackageCache\com.unity.render-pipelines.universal-config@0db4263b9e6b)
    com.unity.collections@6.4.0 (location: D:\timekey-unity-731\Library\PackageCache\com.unity.collections@5b6ebd78ccc0)
[Subsystems] No new subsystems found in resolved package list.
[Package Manager] Done registering packages in 0.01 seconds
[ScriptCompilation] Requested script compilation because: AssetDatabase observed changes in script compilation related files
Starting: C:\Program Files\Unity\Hub\Editor\6000.4.10f1\Editor\Data\Tools\BuildPipeline\bee_backend.exe --ipc --defer-dag-verification --dagfile="Library/Bee/1900b0aE.dag" --continue-on-failure --profile="Library/Bee/backend1.traceevents" ScriptAssemblies
WorkingDir: D:/timekey-unity-731
DisplayProgressbar: Compiling Scripts
ExitCode: 0 Duration: 0s426ms
[562/714    0s] ILPP-Configuration Library/ilpp-configuration.nevergeneratedoutput
[710/714    0s] Csc Library/Bee/artifacts/1900b0aE.dag/TimeKey.Tests.EditMode.AssetTooling.dll (+2 others)
[711/714    0s] ILPostProcess Library/Bee/artifacts/1900b0aE.dag/post-processed/TimeKey.Tests.EditMode.AssetTooling.dll (+pdb)
Processing assembly Library/Bee/artifacts/1900b0aE.dag/TimeKey.Tests.EditMode.AssetTooling.dll, with 137 defines and 274 references

processors: Unity.Jobs.CodeGen.JobsILPostProcessor, zzzUnity.Burst.CodeGen.BurstILPostProcessor

running Unity.Jobs.CodeGen.JobsILPostProcessor

running zzzUnity.Burst.CodeGen.BurstILPostProcessor
[712/714    0s] CopyFiles Library/ScriptAssemblies/TimeKey.Tests.EditMode.AssetTooling.dll
[713/714    0s] CopyFiles Library/ScriptAssemblies/TimeKey.Tests.EditMode.AssetTooling.pdb
*** Tundra build success (0.37 seconds), 5 items updated, 714 evaluated
AssetDatabase: script compilation time: 0.833062s
Begin MonoManager ReloadAssembly
Assembly Assembly-CSharp-Editor-firstpass.dll at Library/ScriptAssemblies/Assembly-CSharp-Editor-firstpass.dll not valid. Loading of assembly skipped.
Assembly Assembly-CSharp-Editor.dll at Library/ScriptAssemblies/Assembly-CSharp-Editor.dll not valid. Loading of assembly skipped.
Assembly Assembly-CSharp-firstpass.dll at Library/ScriptAssemblies/Assembly-CSharp-firstpass.dll not valid. Loading of assembly skipped.
Assembly Assembly-CSharp.dll at Library/ScriptAssemblies/Assembly-CSharp.dll not valid. Loading of assembly skipped.
Assembly TestNewCustomAssembly.dll at Library/ScriptAssemblies/TestNewCustomAssembly.dll not valid. Loading of assembly skipped.
Assembly Unity.Collections.BurstCompatibilityGen.dll at Library/ScriptAssemblies/Unity.Collections.BurstCompatibilityGen.dll not valid. Loading of assembly skipped.
Assembly Unity.Collections.DocCodeSamples.dll at Library/ScriptAssemblies/Unity.Collections.DocCodeSamples.dll not valid. Loading of assembly skipped.
Assembly Unity.Collections.PerformanceTests.dll at Library/ScriptAssemblies/Unity.Collections.PerformanceTests.dll not valid. Loading of assembly skipped.
Assembly Unity.Collections.Tests.dll at Library/ScriptAssemblies/Unity.Collections.Tests.dll not valid. Loading of assembly skipped.
Assembly Unity.Collections.Tests.Playmode.dll at Library/ScriptAssemblies/Unity.Collections.Tests.Playmode.dll not valid. Loading of assembly skipped.
Assembly Unity.Mathematics.Tests.dll at Library/ScriptAssemblies/Unity.Mathematics.Tests.dll not valid. Loading of assembly skipped.
Assembly Unity.Nuget.Mono-Cecil.dll at Library/ScriptAssemblies/Unity.Nuget.Mono-Cecil.dll not valid. Loading of assembly skipped.
Assembly Unity.PathTracing.Editor.Tests.dll at Library/ScriptAssemblies/Unity.PathTracing.Editor.Tests.dll not valid. Loading of assembly skipped.
Assembly Unity.PathTracing.Runtime.Tests.dll at Library/ScriptAssemblies/Unity.PathTracing.Runtime.Tests.dll not valid. Loading of assembly skipped.
Assembly Unity.RenderPipelines.Core.Editor.Tests.dll at Library/ScriptAssemblies/Unity.RenderPipelines.Core.Editor.Tests.dll not valid. Loading of assembly skipped.
Assembly Unity.RenderPipelines.Core.Runtime.Tests.dll at Library/ScriptAssemblies/Unity.RenderPipelines.Core.Runtime.Tests.dll not valid. Loading of assembly skipped.
Assembly Unity.RenderPipelines.Universal.Config.Editor.Tests.dll at Library/ScriptAssemblies/Unity.RenderPipelines.Universal.Config.Editor.Tests.dll not valid. Loading of assembly skipped.
Assembly Unity.RenderPipelines.Universal.Editor.Tests.dll at Library/ScriptAssemblies/Unity.RenderPipelines.Universal.Editor.Tests.dll not valid. Loading of assembly skipped.
Assembly Unity.RenderPipelines.Universal.Runtime.Tests.dll at Library/ScriptAssemblies/Unity.RenderPipelines.Universal.Runtime.Tests.dll not valid. Loading of assembly skipped.
Assembly Unity.Searcher.EditorTests.dll at Library/ScriptAssemblies/Unity.Searcher.EditorTests.dll not valid. Loading of assembly skipped.
Assembly Unity.ShaderGraph.Editor.Tests.dll at Library/ScriptAssemblies/Unity.ShaderGraph.Editor.Tests.dll not valid. Loading of assembly skipped.
Assembly Unity.TextMeshPro.Editor.Tests.dll at Library/ScriptAssemblies/Unity.TextMeshPro.Editor.Tests.dll not valid. Loading of assembly skipped.
Assembly Unity.TextMeshPro.Tests.dll at Library/ScriptAssemblies/Unity.TextMeshPro.Tests.dll not valid. Loading of assembly skipped.
Assembly Unity.UnifiedRayTracing.Editor.Tests.dll at Library/ScriptAssemblies/Unity.UnifiedRayTracing.Editor.Tests.dll not valid. Loading of assembly skipped.
Assembly UnityEditor.UI.Common.Tests.dll at Library/ScriptAssemblies/UnityEditor.UI.Common.Tests.dll not valid. Loading of assembly skipped.
Assembly UnityEditor.UI.EditorTests.dll at Library/ScriptAssemblies/UnityEditor.UI.EditorTests.dll not valid. Loading of assembly skipped.
Assembly UnityEngine.UI.Tests.dll at Library/ScriptAssemblies/UnityEngine.UI.Tests.dll not valid. Loading of assembly skipped.
Start importing Assets/_Project/Tests/EditMode/AssetTooling/TimeKey.Tests.EditMode.AssetTooling.asmdef using Guid(5bc213f14d32c834cbe90e8532ada9d7) (AssemblyDefinitionImporter) -> (Import Result ID: '6bf08cd83a376e302770af3cc540c627') in 0.0434554 seconds [static dependencies only]. Details - ImportResultOutputID=8200f528788bfffb6782d276e6fd58eb DependenciesID=234f504770d3cc2f643bb37b263b95fc StaticDependenciesID=3b0f72afd7fb5ff92a44307583382058
Native extension for WindowsStandalone target not found
Native extension for WebGL target not found
ScheduleIndexationOnStartup MainProcess:True IndexOnStartup:True
Mono: successfully reloaded assembly
- Finished resetting the current domain, in  2.186 seconds
Domain Reload Profiling: 2999ms
	BeginReloadAssembly (344ms)
		DisableScriptedObjects (26ms)
		CreateAndSetChildDomain (152ms)
	RebuildCommonClasses (29ms)
	RebuildNativeTypeToScriptingClass (10ms)
	initialDomainReloadingComplete (78ms)
	LoadAllAssembliesAndSetupDomain (352ms)
		LoadAssemblies (347ms)
		AnalyzeDomain (122ms)
			TypeCache.Refresh (86ms)
				TypeCache.ScanAssembly (76ms)
			BuildScriptInfoCaches (26ms)
			ResolveRequiredComponents (8ms)
	FinalizeReload (2186ms)
		SetupLoadedEditorAssemblies (0ms)
			InitializePlatformSupportModulesInManaged (20ms)
			BeforeProcessingInitializeOnLoad (113ms)
			ProcessInitializeOnLoadAttributes (1600ms)
			ProcessInitializeOnLoadMethodAttributes (64ms)
			AfterProcessingInitializeOnLoad (4ms)
		AwakeInstancesAfterBackupRestoration (99ms)
(Values over 0.050ms)
Asset Pipeline Refresh (id=471fa11a7fe217f408ef3307fa097fab): Total: 4.677 seconds - Initiated by InitialRefreshV2(ForceSynchronousImport)
	Summary:
		Imports: total=1 (actual=1, local cache=0, cache server=0)
		Asset DB Process Time: managed=4 ms, native=2807 ms
		Asset DB Callback time: managed=155 ms, native=29 ms
		Scripting: domain reloads=1, domain reload time=816 ms, compile time=835 ms, other=27 ms
		Project Asset Count: scripts=917, non-scripts=1627
		Asset File Changes: new=0, changed=1, moved=0, deleted=0
		Scan Filter Count: 0
	InvokePackagesCallback: 18.661ms
	ApplyChangesToAssetFolders: 0.906ms
	Scan: 230.725ms
	OnSourceAssetsModified: 2.233ms
	CategorizeScriptCompilationAssets: 23.976ms
	ProcessAssetsWithTransientArtifactChanges: 34.652ms
	CategorizeAssets: 159.154ms
	CompileScripts: 835.345ms
	ImportOutOfDateAssets: 2238.825ms (2189.097ms without children)
		ImportManagerImport: 48.394ms (2.798ms without children)
		UnloadImportedAssets: 0.468ms
		EnsureUptoDateAssetsAreRegisteredWithGuidPM: 0.288ms
		OnDemandSchedulerStart: 0.551ms
	PostProcessAllAssets: 161.178ms
		VCAutoAddAssetPostprocess 3.688ms
		PostProcessCallbackCreateDeferredMaterials 0.270ms
		ShaderAssetModifiedCallback 0.237ms
		MonoPostProcessAllAssets: 154.388ms
			AssetPostprocessor.OnPostprocessAllAssets 77.245ms
			SyncVS.PostprocessSyncProject 23.214ms
			StyleCatalogPostProcessor.OnPostprocessAllAssets 9.944ms
			UniversalRenderPipelineGlobalSettingsPostprocessor.OnPostprocessAllAssets 9.723ms
			BuilderAssetPostprocessor.OnPostprocessAllAssets 4.730ms
			WindowAssetPostprocessingWatcher.OnPostprocessAllAssets 1.791ms
			SpeedTree9Postprocessor.OnPostprocessAllAssets 1.687ms
			ShaderGraphAssetPostProcessor.OnPostprocessAllAssets 1.331ms
			RetainedModeAssetPostprocessor.OnPostprocessAllAssets 1.129ms
			AssetChangedListener.OnPostprocessAllAssets 1.097ms
			RenderPipelineGlobalSettingsPostprocessor.OnPostprocessAllAssets 0.801ms
			TMPro_TexturePostProcessor.OnPostprocessAllAssets 0.637ms
			MaterialPostprocessor.OnPostprocessAllAssets 0.583ms
			ArtifactBrowserPostProcessor.OnPostprocessAllAssets 0.449ms
			ReferencedClipsPostProcessor.OnPostprocessAllAssets 0.348ms
			TextAssetPostProcessor.OnPostprocessAllAssets 0.285ms
			PostProcessor.OnPostprocessAllAssets 0.237ms
			AudioMixerPostprocessor.OnPostprocessAllAssets 0.199ms
			AssetEvents.OnPostprocessAllAssets 0.181ms
			TerrainToolbarOverlayPostProcessor.OnPostprocessAllAssets 0.174ms
			AssetDatabaseCallbacks.OnPostprocessAllAssets 0.134ms
			SpeedTreePostProcessor.OnPostprocessAllAssets 0.129ms
			ConfigAssetsTracker.OnPostprocessAllAssets 0.093ms
			ScenarioDriftAssetsTracker.OnPostprocessAllAssets 0.089ms
			AudioContainerPostProcessor.OnPostprocessAllAssets 0.055ms
	PostAssetChangesProfiler: 4.458ms
	UnloadStreamsBegin: 1.907ms
	PersistCurrentRevisions: 0.123ms
	GenerateScriptTypeHashes: 2.903ms
	GenerateScriptTypeSerializationHashes: 4.969ms
	Untracked: 958.470ms

Application.AssetDatabase Initial Refresh End
Launched and connected shader compiler UnityShaderCompiler.exe after 0.02 seconds
Scanning for USB devices : 4.508ms
Initializing Unity extensions:
[MODES] ModeService[none].Initialize
[MODES] ModeService[none].LoadModes
[MODES] Loading mode Default (0) for mode-current-id-Time Key Unity Slice
Unloading 27 Unused Serialized files (Serialized files now loaded: 0)
Unloading 3455 unused Assets / (5.0 MB). Loaded Objects now: 4332.
Memory consumption went from 180.1 MB to 175.1 MB.
Total: 8.304600 ms (FindLiveObjects: 0.237900 ms CreateObjectMapping: 0.112800 ms MarkObjects: 5.047900 ms  DeleteObjects: 2.656300 ms)

Unity is running with Administrator privileges, which is not supported. Unity executes scripts and binary libraries in your project that may originate from third party sources and potentially be harmful to your computer. Unity may also execute scripts and binary libraries that are still under development and not yet fully tested. Running Unity with Administrator privileges may lead to catastrophic consequences, including but not limited to accidental data loss, change of global system settings or even bricking your device.
[Project] Loading completed in 10.834 seconds
	Project init time: 				9.104 seconds
		Template init time: 		0.000 seconds
		Package Manager init time: 		1.278 seconds
		Asset Database init time: 		0.504 seconds
		Global illumination init time: 	0.016 seconds
		Assemblies load time: 			0.942 seconds
		Unity extensions init time: 	0.004 seconds
		Asset Database refresh time: 	4.679 seconds
	Scene opening time: 			0.295 seconds
##utp:{"type":"ProjectInfo","version":2,"phase":"Immediate","time":1785739979132,"processId":30704,"projectLoad":10.8341011,"projectInit":9.1041569,"templateInit":0.0,"packageManagerInit":1.2783525,"assetDatabaseInit":0.5037292,"globalIlluminationInit":0.0159749,"assembliesLoad":0.9416482,"unityExtensionsInit":0.0041431,"assetDatabaseRefresh":4.6785156,"sceneOpening":0.2953479}
##utp:{"type":"EditorInfo","version":2,"phase":"Immediate","time":1785739979133,"processId":30704,"editorVersion":"6000.4.10f1 (feeafc12a938)","branch":"6000.4/staging","buildType":"Release","platform":"Windows"}
[Package Manager] The "path" argument must be of type string. Received undefined
[Package Manager] The "path" argument must be of type string. Received undefined
Running tests for ExecutionSettings with details:
targetPlatform =
playerHeartbeatTimeout = 600
filters[0] =
   Filter with settings:
   testMode = EditMode
   targetPlatform =
   testNames = null
   groupNames = TimeKey.Tests.EditMode.AssetTooling
   categoryNames = null
   assemblyNames = null
ignoreTests = {}
featureFlags = null

UnityEngine.Debug:ExtractStackTraceNoAlloc (byte*,int,string)
UnityEngine.StackTraceUtility:ExtractStackTrace ()
UnityEngine.DebugLogHandler:Internal_Log (UnityEngine.LogType,UnityEngine.LogOption,string,UnityEngine.Object)
UnityEngine.DebugLogHandler:LogFormat (UnityEngine.LogType,UnityEngine.Object,string,object[])
UnityEngine.Logger:Log (UnityEngine.LogType,object)
UnityEngine.Debug:Log (object)
UnityEditor.TestTools.TestRunner.CommandLineTest.Executer:InitializeAndExecuteRun (string[]) (at ./Library/PackageCache/com.unity.test-framework@996f223345ba/UnityEditor.TestRunner/CommandLineTest/Executer.cs:53)
UnityEditor.TestTools.TestRunner.CommandLineTest.TestStarter:InitializeAndExecuteRun () (at ./Library/PackageCache/com.unity.test-framework@996f223345ba/UnityEditor.TestRunner/CommandLineTest/TestStarter.cs:64)
UnityEditor.EditorApplication:Internal_CallUpdateFunctions ()

(Filename: ./Library/PackageCache/com.unity.test-framework@996f223345ba/UnityEditor.TestRunner/CommandLineTest/Executer.cs Line: 53)

Start Indexing on Editor startup
[Indexing] Starting Initial Indexing for Assets
[UnityConnectServicesConfig] config is NOT valid, switching to default
Created GICache directory at C:/Users/bulbel/AppData/LocalLow/Unity/Caches/GiCache. Took: 0.011s, timestamps: [10.840 - 10.851]
Starting new worker id: 0 with log in D:/timekey-unity-731/Logs/AssetImportWorker0.log
Starting new worker id: 1 with log in D:/timekey-unity-731/Logs/AssetImportWorker1.log
Starting new worker id: 2 with log in D:/timekey-unity-731/Logs/AssetImportWorker2.log
Starting new worker id: 3 with log in D:/timekey-unity-731/Logs/AssetImportWorker3.log
Starting new worker id: 4 with log in D:/timekey-unity-731/Logs/AssetImportWorker4.log
Starting new worker id: 5 with log in D:/timekey-unity-731/Logs/AssetImportWorker5.log
Unloading 2 Unused Serialized files (Serialized files now loaded: 0)
Unloading 0 unused Assets / (55.1 KB). Loaded Objects now: 4355.
Memory consumption went from 171.9 MB to 171.8 MB.
Total: 5.860000 ms (FindLiveObjects: 0.165000 ms CreateObjectMapping: 0.050800 ms MarkObjects: 5.633200 ms  DeleteObjects: 0.009800 ms)

Executing IPrebuildSetup for: Unity.PerformanceTesting.Editor.TestRunBuilder.
UnityEngine.Debug:ExtractStackTraceNoAlloc (byte*,int,string)
UnityEngine.StackTraceUtility:ExtractStackTrace ()
UnityEngine.DebugLogHandler:Internal_Log (UnityEngine.LogType,UnityEngine.LogOption,string,UnityEngine.Object)
UnityEngine.DebugLogHandler:LogFormat (UnityEngine.LogType,UnityEngine.Object,string,object[])
UnityEngine.Logger:Log (UnityEngine.LogType,object)
UnityEngine.Debug:Log (object)
UnityEditor.TestTools.TestRunner.TestRun.Tasks.BuildActionTaskBase`1/<ExecuteMethods>d__8<UnityEngine.TestTools.IPrebuildSetup>:MoveNext () (at ./Library/PackageCache/com.unity.test-framework@996f223345ba/UnityEditor.TestRunner/TestRun/Tasks/BuildActionTaskBase.cs:48)
UnityEditor.TestTools.TestRunner.TestRun.Tasks.BuildActionTaskBase`1/<Execute>d__7<UnityEngine.TestTools.IPrebuildSetup>:MoveNext () (at ./Library/PackageCache/com.unity.test-framework@996f223345ba/UnityEditor.TestRunner/TestRun/Tasks/BuildActionTaskBase.cs:34)
UnityEditor.TestTools.TestRunner.TestRun.TestJobRunner:ExecuteStep () (at ./Library/PackageCache/com.unity.test-framework@996f223345ba/UnityEditor.TestRunner/TestRun/TestJobRunner.cs:173)
UnityEditor.TestTools.TestRunner.TestRun.TestJobRunner:ExecuteCallback () (at ./Library/PackageCache/com.unity.test-framework@996f223345ba/UnityEditor.TestRunner/TestRun/TestJobRunner.cs:108)
UnityEditor.EditorApplication:Internal_CallUpdateFunctions ()

(Filename: ./Library/PackageCache/com.unity.test-framework@996f223345ba/UnityEditor.TestRunner/TestRun/Tasks/BuildActionTaskBase.cs Line: 48)

Opening scene 'Assets/_Project/Scenes/VerticalSlice/CombatVerticalSlice.unity'
Unloading 18 Unused Serialized files (Serialized files now loaded: 0)
Loaded scene 'Assets/_Project/Scenes/VerticalSlice/CombatVerticalSlice.unity'
	Deserialize:            87.610 ms
	Integration:            163.632 ms
	Integration of assets:  23.997 ms
	Thread Wait Time:       0.219 ms
	Total Operation Time:   275.458 ms
Unloading 4 unused Assets / (5.8 KB). Loaded Objects now: 5393.
Memory consumption went from 176.8 MB to 176.8 MB.
Total: 6.832200 ms (FindLiveObjects: 0.236800 ms CreateObjectMapping: 0.080800 ms MarkObjects: 6.400200 ms  DeleteObjects: 0.113500 ms)

Unloading the last loaded scene Assets/_Project/Scenes/VerticalSlice/CombatVerticalSlice.unity(build index: 4), is not supported. Please use SceneManager.LoadScene()/EditorSceneManager.OpenScene() to switch to another scene.
UnityEngine.Debug:ExtractStackTraceNoAlloc (byte*,int,string)
UnityEngine.StackTraceUtility:ExtractStackTrace ()
UnityEditor.SceneManagement.EditorSceneManager:CloseScene (UnityEngine.SceneManagement.Scene,bool)
TimeKey.Tests.EditMode.AssetTooling.SceneContractValidatorTests:DuplicateTimelineCoordinateAndInvalidOccupantMapping_ReturnDiagnostics () (at Assets/_Project/Tests/EditMode/AssetTooling/SceneContractValidatorTests.cs:192)
System.Reflection.RuntimeMethodInfo:Invoke (object,System.Reflection.BindingFlags,System.Reflection.Binder,object[],System.Globalization.CultureInfo)
System.Reflection.MethodBase:Invoke (object,object[])
NUnit.Framework.Internal.Reflect:InvokeMethod (System.Reflection.MethodInfo,object,object[])
NUnit.Framework.Internal.MethodWrapper:Invoke (object,object[])
NUnit.Framework.Internal.Commands.TestMethodCommand:RunNonAsyncTestMethod (NUnit.Framework.Internal.ITestExecutionContext)
NUnit.Framework.Internal.Commands.TestMethodCommand:RunTestMethod (NUnit.Framework.Internal.ITestExecutionContext)
NUnit.Framework.Internal.Commands.TestMethodCommand:Execute (NUnit.Framework.Internal.ITestExecutionContext)
UnityEngine.TestTools.UnityTestMethodCommand:Execute (NUnit.Framework.Internal.ITestExecutionContext) (at ./Library/PackageCache/com.unity.test-framework@996f223345ba/UnityEngine.TestRunner/NUnitExtensions/Commands/UnityTestMethodCommand.cs:19)
UnityEngine.TestRunner.NUnitExtensions.Runner.UnityLogCheckDelegatingCommand/<>c__DisplayClass2_0:<Execute>b__0 () (at ./Library/PackageCache/com.unity.test-framework@996f223345ba/UnityEngine.TestRunner/NUnitExtensions/Runner/UnityLogCheckDelegatingCommand.cs:24)
UnityEngine.TestRunner.NUnitExtensions.Runner.UnityLogCheckDelegatingCommand:CaptureException (NUnit.Framework.Internal.TestResult,System.Action) (at ./Library/PackageCache/com.unity.test-framework@996f223345ba/UnityEngine.TestRunner/NUnitExtensions/Runner/UnityLogCheckDelegatingCommand.cs:72)
UnityEngine.TestRunner.NUnitExtensions.Runner.UnityLogCheckDelegatingCommand:ExecuteAndCheckLog (UnityEngine.TestTools.Logging.LogScope,NUnit.Framework.Internal.TestResult,System.Action) (at ./Library/PackageCache/com.unity.test-framework@996f223345ba/UnityEngine.TestRunner/NUnitExtensions/Runner/UnityLogCheckDelegatingCommand.cs:83)
UnityEngine.TestRunner.NUnitExtensions.Runner.UnityLogCheckDelegatingCommand:Execute (NUnit.Framework.Internal.ITestExecutionContext) (at ./Library/PackageCache/com.unity.test-framework@996f223345ba/UnityEngine.TestRunner/NUnitExtensions/Runner/UnityLogCheckDelegatingCommand.cs:24)
UnityEngine.TestRunner.NUnitExtensions.Runner.UnityLogCheckDelegatingCommand/<ExecuteEnumerable>d__3:MoveNext () (at ./Library/PackageCache/com.unity.test-framework@996f223345ba/UnityEngine.TestRunner/NUnitExtensions/Runner/UnityLogCheckDelegatingCommand.cs:35)
UnityEngine.TestTools.BeforeAfterTestCommandBase`1/<ExecuteEnumerable>d__16<NUnit.Framework.ITestAction>:MoveNext () (at ./Library/PackageCache/com.unity.test-framework@996f223345ba/UnityEngine.TestRunner/NUnitExtensions/Commands/BeforeAfterTestCommandBase.cs:212)
UnityEngine.TestTools.ImmediateEnumerableCommand:Execute (NUnit.Framework.Internal.ITestExecutionContext) (at ./Library/PackageCache/com.unity.test-framework@996f223345ba/UnityEngine.TestRunner/NUnitExtensions/Commands/ImmediateEnumerableCommand.cs:18)
UnityEngine.TestTools.BeforeAfterTestCommandBase`1/<ExecuteEnumerable>d__16<System.Reflection.MethodInfo>:MoveNext () (at ./Library/PackageCache/com.unity.test-framework@996f223345ba/UnityEngine.TestRunner/NUnitExtensions/Commands/BeforeAfterTestCommandBase.cs:219)
UnityEngine.TestTools.BeforeAfterTestCommandBase`1/<ExecuteEnumerable>d__16<System.Reflection.MethodInfo>:MoveNext () (at ./Library/PackageCache/com.unity.test-framework@996f223345ba/UnityEngine.TestRunner/NUnitExtensions/Commands/BeforeAfterTestCommandBase.cs:212)
UnityEngine.TestTools.BeforeAfterTestCommandBase`1/<ExecuteEnumerable>d__16<UnityEngine.TestTools.IOuterUnityTestAction>:MoveNext () (at ./Library/PackageCache/com.unity.test-framework@996f223345ba/UnityEngine.TestRunner/NUnitExtensions/Commands/BeforeAfterTestCommandBase.cs:212)
UnityEngine.TestTools.RetryCommand/<ExecuteEnumerable>d__2:MoveNext () (at ./Library/PackageCache/com.unity.test-framework@996f223345ba/UnityEngine.TestRunner/NUnitExtensions/Commands/RetryCommand.cs:37)
UnityEngine.TestTools.RepeatCommand/<ExecuteEnumerable>d__2:MoveNext () (at ./Library/PackageCache/com.unity.test-framework@996f223345ba/UnityEngine.TestRunner/NUnitExtensions/Commands/RepeatCommand.cs:36)
UnityEngine.TestTools.IgnoreTestCommand/<ExecuteEnumerable>d__3:MoveNext () (at ./Library/PackageCache/com.unity.test-framework@996f223345ba/UnityEngine.TestRunner/NUnitExtensions/Commands/IgnoreTestCommand.cs:42)
UnityEngine.TestTools.StrictCheckCommand/<ExecuteEnumerable>d__2:MoveNext () (at ./Library/PackageCache/com.unity.test-framework@996f223345ba/UnityEngine.TestRunner/NUnitExtensions/Commands/StrictCheckCommand.cs:29)
UnityEngine.TestRunner.NUnitExtensions.Runner.DefaultTestWorkItem/<PerformWork>d__2:MoveNext () (at ./Library/PackageCache/com.unity.test-framework@996f223345ba/UnityEngine.TestRunner/NUnitExtensions/Runner/DefaultTestWorkItem.cs:50)
UnityEngine.TestRunner.NUnitExtensions.Runner.CompositeWorkItem/<RunChildren>d__17:MoveNext () (at ./Library/PackageCache/com.unity.test-framework@996f223345ba/UnityEngine.TestRunner/NUnitExtensions/Runner/CompositeWorkItem.cs:207)
UnityEngine.TestRunner.NUnitExtensions.Runner.CompositeWorkItem/<PerformWork>d__13:MoveNext () (at ./Library/PackageCache/com.unity.test-framework@996f223345ba/UnityEngine.TestRunner/NUnitExtensions/Runner/CompositeWorkItem.cs:82)
UnityEngine.TestRunner.NUnitExtensions.Runner.CompositeWorkItem/<RunChildren>d__17:MoveNext () (at ./Library/PackageCache/com.unity.test-framework@996f223345ba/UnityEngine.TestRunner/NUnitExtensions/Runner/CompositeWorkItem.cs:207)
UnityEngine.TestRunner.NUnitExtensions.Runner.CompositeWorkItem/<PerformWork>d__13:MoveNext () (at ./Library/PackageCache/com.unity.test-framework@996f223345ba/UnityEngine.TestRunner/NUnitExtensions/Runner/CompositeWorkItem.cs:82)
UnityEngine.TestRunner.NUnitExtensions.Runner.CompositeWorkItem/<RunChildren>d__17:MoveNext () (at ./Library/PackageCache/com.unity.test-framework@996f223345ba/UnityEngine.TestRunner/NUnitExtensions/Runner/CompositeWorkItem.cs:207)
UnityEngine.TestRunner.NUnitExtensions.Runner.CompositeWorkItem/<PerformWork>d__13:MoveNext () (at ./Library/PackageCache/com.unity.test-framework@996f223345ba/UnityEngine.TestRunner/NUnitExtensions/Runner/CompositeWorkItem.cs:82)
UnityEngine.TestRunner.NUnitExtensions.Runner.CompositeWorkItem/<RunChildren>d__17:MoveNext () (at ./Library/PackageCache/com.unity.test-framework@996f223345ba/UnityEngine.TestRunner/NUnitExtensions/Runner/CompositeWorkItem.cs:207)
UnityEngine.TestRunner.NUnitExtensions.Runner.CompositeWorkItem/<PerformWork>d__13:MoveNext () (at ./Library/PackageCache/com.unity.test-framework@996f223345ba/UnityEngine.TestRunner/NUnitExtensions/Runner/CompositeWorkItem.cs:82)
UnityEngine.TestRunner.NUnitExtensions.Runner.CompositeWorkItem/<RunChildren>d__17:MoveNext () (at ./Library/PackageCache/com.unity.test-framework@996f223345ba/UnityEngine.TestRunner/NUnitExtensions/Runner/CompositeWorkItem.cs:207)
UnityEngine.TestRunner.NUnitExtensions.Runner.CompositeWorkItem/<PerformWork>d__13:MoveNext () (at ./Library/PackageCache/com.unity.test-framework@996f223345ba/UnityEngine.TestRunner/NUnitExtensions/Runner/CompositeWorkItem.cs:82)
UnityEngine.TestRunner.NUnitExtensions.Runner.CompositeWorkItem/<RunChildren>d__17:MoveNext () (at ./Library/PackageCache/com.unity.test-framework@996f223345ba/UnityEngine.TestRunner/NUnitExtensions/Runner/CompositeWorkItem.cs:207)
UnityEngine.TestRunner.NUnitExtensions.Runner.CompositeWorkItem/<PerformWork>d__13:MoveNext () (at ./Library/PackageCache/com.unity.test-framework@996f223345ba/UnityEngine.TestRunner/NUnitExtensions/Runner/CompositeWorkItem.cs:82)
UnityEngine.TestRunner.NUnitExtensions.Runner.CompositeWorkItem/<RunChildren>d__17:MoveNext () (at ./Library/PackageCache/com.unity.test-framework@996f223345ba/UnityEngine.TestRunner/NUnitExtensions/Runner/CompositeWorkItem.cs:207)
UnityEngine.TestRunner.NUnitExtensions.Runner.CompositeWorkItem/<PerformWork>d__13:MoveNext () (at ./Library/PackageCache/com.unity.test-framework@996f223345ba/UnityEngine.TestRunner/NUnitExtensions/Runner/CompositeWorkItem.cs:82)
UnityEditor.TestTools.TestRunner.EditModeRunner:MoveNextAndUpdateYieldObject () (at ./Library/PackageCache/com.unity.test-framework@996f223345ba/UnityEditor.TestRunner/TestRunner/EditModeRunner.cs:167)
UnityEditor.TestTools.TestRunner.EditModeRunner:TestConsumer (UnityEditor.TestTools.TestRunner.TestRunnerStateSerializer) (at ./Library/PackageCache/com.unity.test-framework@996f223345ba/UnityEditor.TestRunner/TestRunner/EditModeRunner.cs:200)
UnityEditor.TestTools.TestRunner.TestRun.Tasks.EditModeRunTask/<Execute>d__1:MoveNext () (at ./Library/PackageCache/com.unity.test-framework@996f223345ba/UnityEditor.TestRunner/TestRun/Tasks/EditModeRunTask.cs:48)
UnityEditor.TestTools.TestRunner.TestRun.TestJobRunner:ExecuteStep () (at ./Library/PackageCache/com.unity.test-framework@996f223345ba/UnityEditor.TestRunner/TestRun/TestJobRunner.cs:173)
UnityEditor.TestTools.TestRunner.TestRun.TestJobRunner:ExecuteCallback () (at ./Library/PackageCache/com.unity.test-framework@996f223345ba/UnityEditor.TestRunner/TestRun/TestJobRunner.cs:108)
UnityEditor.EditorApplication:Internal_CallUpdateFunctions ()

[./Library/PackageCache/com.unity.test-framework@996f223345ba/UnityEditor.TestRunner/TestRunner/EditModeRunner.cs line 167]

Unloading 14 Unused Serialized files (Serialized files now loaded: 0)
Unloading 333 unused Assets / (4.2 MB). Loaded Objects now: 4350.
Memory consumption went from 177.1 MB to 172.9 MB.
Total: 9.137100 ms (FindLiveObjects: 0.272100 ms CreateObjectMapping: 0.119000 ms MarkObjects: 7.022400 ms  DeleteObjects: 1.721600 ms)

Asset Pipeline Refresh (id=6862206379f056f479c5d3a8a824124b): Total: 0.034 seconds - Initiated by StopAssetImportingV2(NoUpdateAssetOptions)
Opening scene 'Assets/_Project/Scenes/VerticalSlice/CombatVerticalSlice.unity additively'
Loaded scene 'Assets/_Project/Scenes/VerticalSlice/CombatVerticalSlice.unity'
	Deserialize:            14.965 ms
	Integration:            13.605 ms
	Integration of assets:  4.005 ms
	Thread Wait Time:       1.741 ms
	Total Operation Time:   34.315 ms
Unloading 31 Unused Serialized files (Serialized files now loaded: 0)
Unloading 333 unused Assets / (134.7 KB). Loaded Objects now: 5047.
Memory consumption went from 305.8 MB to 305.7 MB.
Total: 9.152500 ms (FindLiveObjects: 0.458500 ms CreateObjectMapping: 0.083500 ms MarkObjects: 8.213400 ms  DeleteObjects: 0.393800 ms)

Asset Pipeline Refresh (id=604f3e11bd956f6419f68207ac895eed): Total: 0.002 seconds - Initiated by StopAssetImportingV2(NoUpdateAssetOptions)
Start importing Assets/__TimeKeySceneContractValidatorTests__ using Guid(56590a114f951294caf65f1fed05e5e4) (DefaultImporter) -> (Import Result ID: '8d5bddfbd9865ff01292ad045d58e5e2') in 0.0148165 seconds [static dependencies only]. Details - ImportResultOutputID=4bb98e17a3cf5e9e5cd80ab14e4c55b6 DependenciesID=21042ef5ad157ef8ffe40bdd49f0054e StaticDependenciesID=a35236af43a959c38df3a5ebdaa8f6c3
Asset Pipeline Refresh (id=c644e8bda2f9d3b4a99c1f3569a52ec5): Total: 0.063 seconds - Initiated by StopAssetImportingV2(NoUpdateAssetOptions)
Unloading 0 Unused Serialized files (Serialized files now loaded: 0)
Unloading 0 unused Assets / (0 B). Loaded Objects now: 5036.
Memory consumption went from 299.8 MB to 299.8 MB.
Total: 9.305900 ms (FindLiveObjects: 0.277900 ms CreateObjectMapping: 0.054600 ms MarkObjects: 8.961400 ms  DeleteObjects: 0.011200 ms)

Start importing Assets/__TimeKeySceneContractValidatorTests__/MissingRoot.unity using Guid(88fd41a88b3f1654a81cb17e290f429b) (DefaultImporter) -> (Import Result ID: '06035d5b6f7c9383fb8d593bf76c03d5') in 0.001255 seconds [static dependencies only]. Details - ImportResultOutputID=f9fd9d2ece98f69bdabfef6338fc1c4a DependenciesID=785e9b135a10349eceb3fd6bbf87006a StaticDependenciesID=671d4229466566c629f69bf195fd09b2
Asset Pipeline Refresh (id=a51bdc306e12b6045aa07605a2e5da8c): Total: 0.027 seconds - Initiated by StopAssetImportingV2(NoUpdateAssetOptions)
Unloading 25 Unused Serialized files (Serialized files now loaded: 0)
Unloading 147 unused Assets / (83.0 KB). Loaded Objects now: 5045.
Memory consumption went from 310.5 MB to 310.4 MB.
Total: 8.285700 ms (FindLiveObjects: 0.170700 ms CreateObjectMapping: 0.056700 ms MarkObjects: 7.879300 ms  DeleteObjects: 0.177800 ms)

Asset Pipeline Refresh (id=5ac918bb652df3b4d907d7530ba9139c): Total: 0.027 seconds - Initiated by StopAssetImportingV2(NoUpdateAssetOptions)
Opening scene 'Assets/_Project/Scenes/VerticalSlice/CombatVerticalSlice.unity additively'
Loaded scene 'Assets/_Project/Scenes/VerticalSlice/CombatVerticalSlice.unity'
	Deserialize:            13.805 ms
	Integration:            9.879 ms
	Integration of assets:  3.380 ms
	Thread Wait Time:       0.237 ms
	Total Operation Time:   27.301 ms
Opening scene 'Assets/_Project/Scenes/VerticalSlice/CombatVerticalSlice.unity additively'
Loaded scene 'Assets/_Project/Scenes/VerticalSlice/CombatVerticalSlice.unity'
	Deserialize:            4.805 ms
	Integration:            6.440 ms
	Integration of assets:  0.001 ms
	Thread Wait Time:       0.017 ms
	Total Operation Time:   11.263 ms
Unloading 28 Unused Serialized files (Serialized files now loaded: 0)
Unloading 332 unused Assets / (93.1 KB). Loaded Objects now: 5045.
Memory consumption went from 303.0 MB to 302.9 MB.
Total: 8.597600 ms (FindLiveObjects: 0.181000 ms CreateObjectMapping: 0.058600 ms MarkObjects: 7.985500 ms  DeleteObjects: 0.371600 ms)

Asset Pipeline Refresh (id=6849920da7b35b943803c22cfed486dc): Total: 0.003 seconds - Initiated by StopAssetImportingV2(NoUpdateAssetOptions)
Opening scene 'Assets/_Project/Scenes/VerticalSlice/CombatVerticalSlice.unity additively'
Loaded scene 'Assets/_Project/Scenes/VerticalSlice/CombatVerticalSlice.unity'
	Deserialize:            7.346 ms
	Integration:            9.434 ms
	Integration of assets:  3.050 ms
	Thread Wait Time:       0.018 ms
	Total Operation Time:   19.848 ms
Unloading 28 Unused Serialized files (Serialized files now loaded: 0)
Unloading 332 unused Assets / (88.0 KB). Loaded Objects now: 5045.
Memory consumption went from 303.4 MB to 303.3 MB.
Total: 8.048600 ms (FindLiveObjects: 0.170900 ms CreateObjectMapping: 0.051100 ms MarkObjects: 7.467700 ms  DeleteObjects: 0.358300 ms)

Asset Pipeline Refresh (id=3afc3c2f8335b4b48aeb62f76d4c6338): Total: 0.002 seconds - Initiated by StopAssetImportingV2(NoUpdateAssetOptions)
Opening scene 'Assets/_Project/Scenes/VerticalSlice/CombatVerticalSlice.unity'
Unloading 17 Unused Serialized files (Serialized files now loaded: 0)
Loaded scene 'Assets/_Project/Scenes/VerticalSlice/CombatVerticalSlice.unity'
	Deserialize:            7.035 ms
	Integration:            135.150 ms
	Integration of assets:  3.153 ms
	Thread Wait Time:       0.038 ms
	Total Operation Time:   145.376 ms
Unloading 4 unused Assets / (133.7 KB). Loaded Objects now: 6084.
Memory consumption went from 303.6 MB to 303.5 MB.
Total: 7.751800 ms (FindLiveObjects: 0.275600 ms CreateObjectMapping: 0.093400 ms MarkObjects: 7.329200 ms  DeleteObjects: 0.052700 ms)

Unloading the last loaded scene Assets/_Project/Scenes/VerticalSlice/CombatVerticalSlice.unity(build index: 4), is not supported. Please use SceneManager.LoadScene()/EditorSceneManager.OpenScene() to switch to another scene.
UnityEngine.Debug:ExtractStackTraceNoAlloc (byte*,int,string)
UnityEngine.StackTraceUtility:ExtractStackTrace ()
UnityEditor.SceneManagement.EditorSceneManager:CloseScene (UnityEngine.SceneManagement.Scene,bool)
TimeKey.Tests.EditMode.AssetTooling.SceneContractValidatorTests:WrongNonNullSceneReference_ReturnsExactPropertyWithoutSavingScene () (at Assets/_Project/Tests/EditMode/AssetTooling/SceneContractValidatorTests.cs:132)
System.Reflection.RuntimeMethodInfo:Invoke (object,System.Reflection.BindingFlags,System.Reflection.Binder,object[],System.Globalization.CultureInfo)
System.Reflection.MethodBase:Invoke (object,object[])
NUnit.Framework.Internal.Reflect:InvokeMethod (System.Reflection.MethodInfo,object,object[])
NUnit.Framework.Internal.MethodWrapper:Invoke (object,object[])
NUnit.Framework.Internal.Commands.TestMethodCommand:RunNonAsyncTestMethod (NUnit.Framework.Internal.ITestExecutionContext)
NUnit.Framework.Internal.Commands.TestMethodCommand:RunTestMethod (NUnit.Framework.Internal.ITestExecutionContext)
NUnit.Framework.Internal.Commands.TestMethodCommand:Execute (NUnit.Framework.Internal.ITestExecutionContext)
UnityEngine.TestTools.UnityTestMethodCommand:Execute (NUnit.Framework.Internal.ITestExecutionContext) (at ./Library/PackageCache/com.unity.test-framework@996f223345ba/UnityEngine.TestRunner/NUnitExtensions/Commands/UnityTestMethodCommand.cs:19)
UnityEngine.TestRunner.NUnitExtensions.Runner.UnityLogCheckDelegatingCommand/<>c__DisplayClass2_0:<Execute>b__0 () (at ./Library/PackageCache/com.unity.test-framework@996f223345ba/UnityEngine.TestRunner/NUnitExtensions/Runner/UnityLogCheckDelegatingCommand.cs:24)
UnityEngine.TestRunner.NUnitExtensions.Runner.UnityLogCheckDelegatingCommand:CaptureException (NUnit.Framework.Internal.TestResult,System.Action) (at ./Library/PackageCache/com.unity.test-framework@996f223345ba/UnityEngine.TestRunner/NUnitExtensions/Runner/UnityLogCheckDelegatingCommand.cs:72)
UnityEngine.TestRunner.NUnitExtensions.Runner.UnityLogCheckDelegatingCommand:ExecuteAndCheckLog (UnityEngine.TestTools.Logging.LogScope,NUnit.Framework.Internal.TestResult,System.Action) (at ./Library/PackageCache/com.unity.test-framework@996f223345ba/UnityEngine.TestRunner/NUnitExtensions/Runner/UnityLogCheckDelegatingCommand.cs:83)
UnityEngine.TestRunner.NUnitExtensions.Runner.UnityLogCheckDelegatingCommand:Execute (NUnit.Framework.Internal.ITestExecutionContext) (at ./Library/PackageCache/com.unity.test-framework@996f223345ba/UnityEngine.TestRunner/NUnitExtensions/Runner/UnityLogCheckDelegatingCommand.cs:24)
UnityEngine.TestRunner.NUnitExtensions.Runner.UnityLogCheckDelegatingCommand/<ExecuteEnumerable>d__3:MoveNext () (at ./Library/PackageCache/com.unity.test-framework@996f223345ba/UnityEngine.TestRunner/NUnitExtensions/Runner/UnityLogCheckDelegatingCommand.cs:35)
UnityEngine.TestTools.BeforeAfterTestCommandBase`1/<ExecuteEnumerable>d__16<NUnit.Framework.ITestAction>:MoveNext () (at ./Library/PackageCache/com.unity.test-framework@996f223345ba/UnityEngine.TestRunner/NUnitExtensions/Commands/BeforeAfterTestCommandBase.cs:212)
UnityEngine.TestTools.ImmediateEnumerableCommand:Execute (NUnit.Framework.Internal.ITestExecutionContext) (at ./Library/PackageCache/com.unity.test-framework@996f223345ba/UnityEngine.TestRunner/NUnitExtensions/Commands/ImmediateEnumerableCommand.cs:18)
UnityEngine.TestTools.BeforeAfterTestCommandBase`1/<ExecuteEnumerable>d__16<System.Reflection.MethodInfo>:MoveNext () (at ./Library/PackageCache/com.unity.test-framework@996f223345ba/UnityEngine.TestRunner/NUnitExtensions/Commands/BeforeAfterTestCommandBase.cs:219)
UnityEngine.TestTools.BeforeAfterTestCommandBase`1/<ExecuteEnumerable>d__16<System.Reflection.MethodInfo>:MoveNext () (at ./Library/PackageCache/com.unity.test-framework@996f223345ba/UnityEngine.TestRunner/NUnitExtensions/Commands/BeforeAfterTestCommandBase.cs:212)
UnityEngine.TestTools.BeforeAfterTestCommandBase`1/<ExecuteEnumerable>d__16<UnityEngine.TestTools.IOuterUnityTestAction>:MoveNext () (at ./Library/PackageCache/com.unity.test-framework@996f223345ba/UnityEngine.TestRunner/NUnitExtensions/Commands/BeforeAfterTestCommandBase.cs:212)
UnityEngine.TestTools.RetryCommand/<ExecuteEnumerable>d__2:MoveNext () (at ./Library/PackageCache/com.unity.test-framework@996f223345ba/UnityEngine.TestRunner/NUnitExtensions/Commands/RetryCommand.cs:37)
UnityEngine.TestTools.RepeatCommand/<ExecuteEnumerable>d__2:MoveNext () (at ./Library/PackageCache/com.unity.test-framework@996f223345ba/UnityEngine.TestRunner/NUnitExtensions/Commands/RepeatCommand.cs:36)
UnityEngine.TestTools.IgnoreTestCommand/<ExecuteEnumerable>d__3:MoveNext () (at ./Library/PackageCache/com.unity.test-framework@996f223345ba/UnityEngine.TestRunner/NUnitExtensions/Commands/IgnoreTestCommand.cs:42)
UnityEngine.TestTools.StrictCheckCommand/<ExecuteEnumerable>d__2:MoveNext () (at ./Library/PackageCache/com.unity.test-framework@996f223345ba/UnityEngine.TestRunner/NUnitExtensions/Commands/StrictCheckCommand.cs:29)
UnityEngine.TestRunner.NUnitExtensions.Runner.DefaultTestWorkItem/<PerformWork>d__2:MoveNext () (at ./Library/PackageCache/com.unity.test-framework@996f223345ba/UnityEngine.TestRunner/NUnitExtensions/Runner/DefaultTestWorkItem.cs:50)
UnityEngine.TestRunner.NUnitExtensions.Runner.CompositeWorkItem/<RunChildren>d__17:MoveNext () (at ./Library/PackageCache/com.unity.test-framework@996f223345ba/UnityEngine.TestRunner/NUnitExtensions/Runner/CompositeWorkItem.cs:207)
UnityEngine.TestRunner.NUnitExtensions.Runner.CompositeWorkItem/<PerformWork>d__13:MoveNext () (at ./Library/PackageCache/com.unity.test-framework@996f223345ba/UnityEngine.TestRunner/NUnitExtensions/Runner/CompositeWorkItem.cs:82)
UnityEngine.TestRunner.NUnitExtensions.Runner.CompositeWorkItem/<RunChildren>d__17:MoveNext () (at ./Library/PackageCache/com.unity.test-framework@996f223345ba/UnityEngine.TestRunner/NUnitExtensions/Runner/CompositeWorkItem.cs:207)
UnityEngine.TestRunner.NUnitExtensions.Runner.CompositeWorkItem/<PerformWork>d__13:MoveNext () (at ./Library/PackageCache/com.unity.test-framework@996f223345ba/UnityEngine.TestRunner/NUnitExtensions/Runner/CompositeWorkItem.cs:82)
UnityEngine.TestRunner.NUnitExtensions.Runner.CompositeWorkItem/<RunChildren>d__17:MoveNext () (at ./Library/PackageCache/com.unity.test-framework@996f223345ba/UnityEngine.TestRunner/NUnitExtensions/Runner/CompositeWorkItem.cs:207)
UnityEngine.TestRunner.NUnitExtensions.Runner.CompositeWorkItem/<PerformWork>d__13:MoveNext () (at ./Library/PackageCache/com.unity.test-framework@996f223345ba/UnityEngine.TestRunner/NUnitExtensions/Runner/CompositeWorkItem.cs:82)
UnityEngine.TestRunner.NUnitExtensions.Runner.CompositeWorkItem/<RunChildren>d__17:MoveNext () (at ./Library/PackageCache/com.unity.test-framework@996f223345ba/UnityEngine.TestRunner/NUnitExtensions/Runner/CompositeWorkItem.cs:207)
UnityEngine.TestRunner.NUnitExtensions.Runner.CompositeWorkItem/<PerformWork>d__13:MoveNext () (at ./Library/PackageCache/com.unity.test-framework@996f223345ba/UnityEngine.TestRunner/NUnitExtensions/Runner/CompositeWorkItem.cs:82)
UnityEngine.TestRunner.NUnitExtensions.Runner.CompositeWorkItem/<RunChildren>d__17:MoveNext () (at ./Library/PackageCache/com.unity.test-framework@996f223345ba/UnityEngine.TestRunner/NUnitExtensions/Runner/CompositeWorkItem.cs:207)
UnityEngine.TestRunner.NUnitExtensions.Runner.CompositeWorkItem/<PerformWork>d__13:MoveNext () (at ./Library/PackageCache/com.unity.test-framework@996f223345ba/UnityEngine.TestRunner/NUnitExtensions/Runner/CompositeWorkItem.cs:82)
UnityEngine.TestRunner.NUnitExtensions.Runner.CompositeWorkItem/<RunChildren>d__17:MoveNext () (at ./Library/PackageCache/com.unity.test-framework@996f223345ba/UnityEngine.TestRunner/NUnitExtensions/Runner/CompositeWorkItem.cs:207)
UnityEngine.TestRunner.NUnitExtensions.Runner.CompositeWorkItem/<PerformWork>d__13:MoveNext () (at ./Library/PackageCache/com.unity.test-framework@996f223345ba/UnityEngine.TestRunner/NUnitExtensions/Runner/CompositeWorkItem.cs:82)
UnityEngine.TestRunner.NUnitExtensions.Runner.CompositeWorkItem/<RunChildren>d__17:MoveNext () (at ./Library/PackageCache/com.unity.test-framework@996f223345ba/UnityEngine.TestRunner/NUnitExtensions/Runner/CompositeWorkItem.cs:207)
UnityEngine.TestRunner.NUnitExtensions.Runner.CompositeWorkItem/<PerformWork>d__13:MoveNext () (at ./Library/PackageCache/com.unity.test-framework@996f223345ba/UnityEngine.TestRunner/NUnitExtensions/Runner/CompositeWorkItem.cs:82)
UnityEditor.TestTools.TestRunner.EditModeRunner:MoveNextAndUpdateYieldObject () (at ./Library/PackageCache/com.unity.test-framework@996f223345ba/UnityEditor.TestRunner/TestRunner/EditModeRunner.cs:167)
UnityEditor.TestTools.TestRunner.EditModeRunner:TestConsumer (UnityEditor.TestTools.TestRunner.TestRunnerStateSerializer) (at ./Library/PackageCache/com.unity.test-framework@996f223345ba/UnityEditor.TestRunner/TestRunner/EditModeRunner.cs:200)
UnityEditor.TestTools.TestRunner.TestRun.Tasks.EditModeRunTask/<Execute>d__1:MoveNext () (at ./Library/PackageCache/com.unity.test-framework@996f223345ba/UnityEditor.TestRunner/TestRun/Tasks/EditModeRunTask.cs:48)
UnityEditor.TestTools.TestRunner.TestRun.TestJobRunner:ExecuteStep () (at ./Library/PackageCache/com.unity.test-framework@996f223345ba/UnityEditor.TestRunner/TestRun/TestJobRunner.cs:173)
UnityEditor.TestTools.TestRunner.TestRun.TestJobRunner:ExecuteCallback () (at ./Library/PackageCache/com.unity.test-framework@996f223345ba/UnityEditor.TestRunner/TestRun/TestJobRunner.cs:108)
UnityEditor.EditorApplication:Internal_CallUpdateFunctions ()

[./Library/PackageCache/com.unity.test-framework@996f223345ba/UnityEditor.TestRunner/TestRunner/EditModeRunner.cs line 167]

Unloading 12 Unused Serialized files (Serialized files now loaded: 0)
Unloading 331 unused Assets / (0.6 MB). Loaded Objects now: 5043.
Memory consumption went from 303.7 MB to 303.1 MB.
Total: 8.544800 ms (FindLiveObjects: 0.192500 ms CreateObjectMapping: 0.078100 ms MarkObjects: 7.961400 ms  DeleteObjects: 0.312100 ms)

Asset Pipeline Refresh (id=827dad05dd4ac5e4d914c9d7d254b349): Total: 0.002 seconds - Initiated by StopAssetImportingV2(NoUpdateAssetOptions)
Saving results to: C:/Users/bulbel/AppData/LocalLow/TimeKey/Time Key Unity Slice\TestResults.xml
Saving results to: D:\godot\时之钥\时之钥\docs\migration\unity-3d\04-verification\evidence\pluginization-and-asset-tooling\editmode-scene-contract-post-review.xml
Executing IPostBuildCleanup for: Unity.PerformanceTesting.Editor.TestRunBuilder.
UnityEngine.Debug:ExtractStackTraceNoAlloc (byte*,int,string)
UnityEngine.StackTraceUtility:ExtractStackTrace ()
UnityEngine.DebugLogHandler:Internal_Log (UnityEngine.LogType,UnityEngine.LogOption,string,UnityEngine.Object)
UnityEngine.DebugLogHandler:LogFormat (UnityEngine.LogType,UnityEngine.Object,string,object[])
UnityEngine.Logger:Log (UnityEngine.LogType,object)
UnityEngine.Debug:Log (object)
UnityEditor.TestTools.TestRunner.TestRun.Tasks.BuildActionTaskBase`1/<ExecuteMethods>d__8<UnityEngine.TestTools.IPostBuildCleanup>:MoveNext () (at ./Library/PackageCache/com.unity.test-framework@996f223345ba/UnityEditor.TestRunner/TestRun/Tasks/BuildActionTaskBase.cs:48)
UnityEditor.TestTools.TestRunner.TestRun.Tasks.BuildActionTaskBase`1/<Execute>d__7<UnityEngine.TestTools.IPostBuildCleanup>:MoveNext () (at ./Library/PackageCache/com.unity.test-framework@996f223345ba/UnityEditor.TestRunner/TestRun/Tasks/BuildActionTaskBase.cs:34)
UnityEditor.TestTools.TestRunner.TestRun.TestJobRunner:ExecuteStep () (at ./Library/PackageCache/com.unity.test-framework@996f223345ba/UnityEditor.TestRunner/TestRun/TestJobRunner.cs:173)
UnityEditor.TestTools.TestRunner.TestRun.TestJobRunner:ExecuteCallback () (at ./Library/PackageCache/com.unity.test-framework@996f223345ba/UnityEditor.TestRunner/TestRun/TestJobRunner.cs:108)
UnityEditor.EditorApplication:Internal_CallUpdateFunctions ()

(Filename: ./Library/PackageCache/com.unity.test-framework@996f223345ba/UnityEditor.TestRunner/TestRun/Tasks/BuildActionTaskBase.cs Line: 48)

Unloading 0 Unused Serialized files (Serialized files now loaded: 0)
Unloading 0 unused Assets / (0 B). Loaded Objects now: 5050.
Memory consumption went from 301.2 MB to 301.2 MB.
Total: 7.803400 ms (FindLiveObjects: 0.189000 ms CreateObjectMapping: 0.078600 ms MarkObjects: 7.528100 ms  DeleteObjects: 0.006700 ms)

DisplayProgressbar: Undo
Test run completed. Exiting with code 0 (Ok). Run completed.
UnityEngine.Debug:ExtractStackTraceNoAlloc (byte*,int,string)
UnityEngine.StackTraceUtility:ExtractStackTrace ()
UnityEngine.DebugLogHandler:Internal_Log (UnityEngine.LogType,UnityEngine.LogOption,string,UnityEngine.Object)
UnityEngine.DebugLogHandler:LogFormat (UnityEngine.LogType,UnityEngine.Object,string,object[])
UnityEngine.Logger:Log (UnityEngine.LogType,object)
UnityEngine.Debug:Log (object)
UnityEditor.TestTools.TestRunner.CommandLineTest.Executer:ExitApplication (UnityEditor.TestTools.TestRunner.CommandLineTest.Executer/ReturnCodes,string) (at ./Library/PackageCache/com.unity.test-framework@996f223345ba/UnityEditor.TestRunner/CommandLineTest/Executer.cs:81)
UnityEditor.TestTools.TestRunner.CommandLineTest.Executer:ExitIfRunIsCompleted () (at ./Library/PackageCache/com.unity.test-framework@996f223345ba/UnityEditor.TestRunner/CommandLineTest/Executer.cs:74)
UnityEditor.EditorApplication:Internal_CallUpdateFunctions ()

(Filename: ./Library/PackageCache/com.unity.test-framework@996f223345ba/UnityEditor.TestRunner/CommandLineTest/Executer.cs Line: 81)

[Physics::Module] Cleanup current backend.
[Physics::Module] Id: 0xf2b8ea05
Input System module state changed to: ShutdownInProgress.
Input Polling Thread exited.
Input System module state changed to: Shutdown.
[Licensing::IpcConnector] LicenseClient-bulbel-6000.4.10-notifications channel disconnected successfully.
[Licensing::IpcConnector] LicenseClient-bulbel-6000.4.10 channel disconnected successfully.
AcceleratorClientConnectionCallback - disconnected - :0
Cleanup mono
CodeReloadManager destroyed
Checking for leaked weakptr:
  Found no leaked weakptrs.
[Package Manager] Server process was shutdown
##utp:{"type":"MemoryLeaks","version":2,"phase":"Immediate","time":1785739984288,"processId":30704,"allocatedMemory":17127426,"memoryLabels":[{"Default":3985485},{"Permanent":15276},{"NewDelete":65795},{"Thread":4237512},{"Manager":37645},{"VertexData":8},{"Geometry":816},{"Texture":24},{"Shader":848547},{"Material":24},{"GfxDevice":57960},{"Animation":392},{"Audio":3008},{"FreeType":8},{"FontEngine":736},{"Physics":2090},{"Physics2D":16},{"Serialization":78312},{"Input":9880},{"JobScheduler":33024},{"TextLib":42394},{"Mono":32},{"MonoCode":64},{"ScriptingNativeRuntime":155052},{"BaseObject":1620368},{"Resource":1184},{"Renderer":3008},{"Transform":4685},{"File":15709},{"WebCam":616},{"Culling":32},{"Terrain":11394},{"Wind":24},{"STL":40},{"String":13452},{"StaticString":6718},{"Utility":2674406},{"Curl":3098},{"PoolAlloc":2168},{"AI":80},{"TypeTree":13637},{"ScriptManager":448},{"RuntimeInitializeOnLoadManager":64},{"SpriteAtlas":120},{"GI":7792},{"Director":8320},{"CloudService":288},{"WebRequest":808},{"VR":48050},{"SceneManager":504},{"Video":208},{"LazyScriptCache":32},{"Camera":17},{"Secure":2377},{"SerializationCache":1576},{"APIUpdating":10320},{"Subsystems":336},{"VirtualTexturing":57888},{"StaticSafetyDebugInfo":278528},{"Analytics":344},{"Hierarchy":608},{"CoreStats":13112},{"Identifiers":12960},{"Gui":128},{"EditorUtility":148524},{"VersionControl":4},{"Undo":931},{"AssetDatabase":2534646},{"EditorGi":328},{"UnityConnect":37735},{"Upm":1912},{"UpmDiagnostics":8},{"AssetCompliance":64},{"DrivenProperties":72},{"LocalIPC":212},{"ProfilerEditor":9746},{"CoreBusinessMetrics":2617},{"Windowing":456},{"Licensing":664},{"AssetReference":32},{"IPCStream":32}]}
